134 tests
[IPKernelApp] WARNING | Kernel is running over TCP without encryption. All communication (including code and outputs) is sent in plain text and is susceptible to eavesdropping. Use IPC transport or launch with kernel manager-provisioned CurveZMQ keys to enable transport encryption.
[IPKernelApp] WARNING | Kernel is running over TCP without encryption. All communication (including code and outputs) is sent in plain text and is susceptible to eavesdropping. Use IPC transport or launch with kernel manager-provisioned CurveZMQ keys to enable transport encryption.
[IPKernelApp] WARNING | Kernel is running over TCP without encryption. All communication (including code and outputs) is sent in plain text and is susceptible to eavesdropping. Use IPC transport or launch with kernel manager-provisioned CurveZMQ keys to enable transport encryption.
[IPKernelApp] WARNING | Kernel is running over TCP without encryption. All communication (including code and outputs) is sent in plain text and is susceptible to eavesdropping. Use IPC transport or launch with kernel manager-provisioned CurveZMQ keys to enable transport encryption.
[IPKernelApp] WARNING | Kernel is running over TCP without encryption. All communication (including code and outputs) is sent in plain text and is susceptible to eavesdropping. Use IPC transport or launch with kernel manager-provisioned CurveZMQ keys to enable transport encryption.
[IPKernelApp] WARNING | Kernel is running over TCP without encryption. All communication (including code and outputs) is sent in plain text and is susceptible to eavesdropping. Use IPC transport or launch with kernel manager-provisioned CurveZMQ keys to enable transport encryption.
[IPKernelApp] WARNING | Kernel is running over TCP without encryption. All communication (including code and outputs) is sent in plain text and is susceptible to eavesdropping. Use IPC transport or launch with kernel manager-provisioned CurveZMQ keys to enable transport encryption.
[IPKernelApp] WARNING | Kernel is running over TCP without encryption. All communication (including code and outputs) is sent in plain text and is susceptible to eavesdropping. Use IPC transport or launch with kernel manager-provisioned CurveZMQ keys to enable transport encryption.
[IPKernelApp] WARNING | Kernel is running over TCP without encryption. All communication (including code and outputs) is sent in plain text and is susceptible to eavesdropping. Use IPC transport or launch with kernel manager-provisioned CurveZMQ keys to enable transport encryption.
[IPKernelApp] WARNING | Kernel is running over TCP without encryption. All communication (including code and outputs) is sent in plain text and is susceptible to eavesdropping. Use IPC transport or launch with kernel manager-provisioned CurveZMQ keys to enable transport encryption.
[IPKernelApp] WARNING | Kernel is running over TCP without encryption. All communication (including code and outputs) is sent in plain text and is susceptible to eavesdropping. Use IPC transport or launch with kernel manager-provisioned CurveZMQ keys to enable transport encryption.
[IPKernelApp] WARNING | Kernel is running over TCP without encryption. All communication (including code and outputs) is sent in plain text and is susceptible to eavesdropping. Use IPC transport or launch with kernel manager-provisioned CurveZMQ keys to enable transport encryption.
[IPKernelApp] WARNING | Kernel is running over TCP without encryption. All communication (including code and outputs) is sent in plain text and is susceptible to eavesdropping. Use IPC transport or launch with kernel manager-provisioned CurveZMQ keys to enable transport encryption.
[IPKernelApp] WARNING | Kernel is running over TCP without encryption. All communication (including code and outputs) is sent in plain text and is susceptible to eavesdropping. Use IPC transport or launch with kernel manager-provisioned CurveZMQ keys to enable transport encryption.
[IPKernelApp] WARNING | Kernel is running over TCP without encryption. All communication (including code and outputs) is sent in plain text and is susceptible to eavesdropping. Use IPC transport or launch with kernel manager-provisioned CurveZMQ keys to enable transport encryption.
[IPKernelApp] WARNING | Kernel is running over TCP without encryption. All communication (including code and outputs) is sent in plain text and is susceptible to eavesdropping. Use IPC transport or launch with kernel manager-provisioned CurveZMQ keys to enable transport encryption.
[IPKernelApp] WARNING | Kernel is running over TCP without encryption. All communication (including code and outputs) is sent in plain text and is susceptible to eavesdropping. Use IPC transport or launch with kernel manager-provisioned CurveZMQ keys to enable transport encryption.
[IPKernelApp] WARNING | Kernel is running over TCP without encryption. All communication (including code and outputs) is sent in plain text and is susceptible to eavesdropping. Use IPC transport or launch with kernel manager-provisioned CurveZMQ keys to enable transport encryption.
[IPKernelApp] WARNING | Kernel is running over TCP without encryption. All communication (including code and outputs) is sent in plain text and is susceptible to eavesdropping. Use IPC transport or launch with kernel manager-provisioned CurveZMQ keys to enable transport encryption.
[IPKernelApp] WARNING | Kernel is running over TCP without encryption. All communication (including code and outputs) is sent in plain text and is susceptible to eavesdropping. Use IPC transport or launch with kernel manager-provisioned CurveZMQ keys to enable transport encryption.
[IPKernelApp] WARNING | Kernel is running over TCP without encryption. All communication (including code and outputs) is sent in plain text and is susceptible to eavesdropping. Use IPC transport or launch with kernel manager-provisioned CurveZMQ keys to enable transport encryption.
[IPKernelApp] WARNING | Kernel is running over TCP without encryption. All communication (including code and outputs) is sent in plain text and is susceptible to eavesdropping. Use IPC transport or launch with kernel manager-provisioned CurveZMQ keys to enable transport encryption.
[IPKernelApp] WARNING | Kernel is running over TCP without encryption. All communication (including code and outputs) is sent in plain text and is susceptible to eavesdropping. Use IPC transport or launch with kernel manager-provisioned CurveZMQ keys to enable transport encryption.
[IPKernelApp] WARNING | Kernel is running over TCP without encryption. All communication (including code and outputs) is sent in plain text and is susceptible to eavesdropping. Use IPC transport or launch with kernel manager-provisioned CurveZMQ keys to enable transport encryption.
[IPKernelApp] WARNING | Kernel is running over TCP without encryption. All communication (including code and outputs) is sent in plain text and is susceptible to eavesdropping. Use IPC transport or launch with kernel manager-provisioned CurveZMQ keys to enable transport encryption.
[IPKernelApp] WARNING | Kernel is running over TCP without encryption. All communication (including code and outputs) is sent in plain text and is susceptible to eavesdropping. Use IPC transport or launch with kernel manager-provisioned CurveZMQ keys to enable transport encryption.
[IPKernelApp] WARNING | Kernel is running over TCP without encryption. All communication (including code and outputs) is sent in plain text and is susceptible to eavesdropping. Use IPC transport or launch with kernel manager-provisioned CurveZMQ keys to enable transport encryption.
[IPKernelApp] WARNING | Kernel is running over TCP without encryption. All communication (including code and outputs) is sent in plain text and is susceptible to eavesdropping. Use IPC transport or launch with kernel manager-provisioned CurveZMQ keys to enable transport encryption.
[IPKernelApp] WARNING | Kernel is running over TCP without encryption. All communication (including code and outputs) is sent in plain text and is susceptible to eavesdropping. Use IPC transport or launch with kernel manager-provisioned CurveZMQ keys to enable transport encryption.
[IPKernelApp] WARNING | Kernel is running over TCP without encryption. All communication (including code and outputs) is sent in plain text and is susceptible to eavesdropping. Use IPC transport or launch with kernel manager-provisioned CurveZMQ keys to enable transport encryption.
[IPKernelApp] WARNING | Kernel is running over TCP without encryption. All communication (including code and outputs) is sent in plain text and is susceptible to eavesdropping. Use IPC transport or launch with kernel manager-provisioned CurveZMQ keys to enable transport encryption.
[IPKernelApp] WARNING | Kernel is running over TCP without encryption. All communication (including code and outputs) is sent in plain text and is susceptible to eavesdropping. Use IPC transport or launch with kernel manager-provisioned CurveZMQ keys to enable transport encryption.
[IPKernelApp] WARNING | Kernel is running over TCP without encryption. All communication (including code and outputs) is sent in plain text and is susceptible to eavesdropping. Use IPC transport or launch with kernel manager-provisioned CurveZMQ keys to enable transport encryption.
[IPKernelApp] WARNING | Kernel is running over TCP without encryption. All communication (including code and outputs) is sent in plain text and is susceptible to eavesdropping. Use IPC transport or launch with kernel manager-provisioned CurveZMQ keys to enable transport encryption.
[IPKernelApp] WARNING | Kernel is running over TCP without encryption. All communication (including code and outputs) is sent in plain text and is susceptible to eavesdropping. Use IPC transport or launch with kernel manager-provisioned CurveZMQ keys to enable transport encryption.
[IPKernelApp] WARNING | Kernel is running over TCP without encryption. All communication (including code and outputs) is sent in plain text and is susceptible to eavesdropping. Use IPC transport or launch with kernel manager-provisioned CurveZMQ keys to enable transport encryption.
[IPKernelApp] WARNING | Kernel is running over TCP without encryption. All communication (including code and outputs) is sent in plain text and is susceptible to eavesdropping. Use IPC transport or launch with kernel manager-provisioned CurveZMQ keys to enable transport encryption.
[IPKernelApp] WARNING | Kernel is running over TCP without encryption. All communication (including code and outputs) is sent in plain text and is susceptible to eavesdropping. Use IPC transport or launch with kernel manager-provisioned CurveZMQ keys to enable transport encryption.
[IPKernelApp] WARNING | Kernel is running over TCP without encryption. All communication (including code and outputs) is sent in plain text and is susceptible to eavesdropping. Use IPC transport or launch with kernel manager-provisioned CurveZMQ keys to enable transport encryption.
[IPKernelApp] WARNING | Kernel is running over TCP without encryption. All communication (including code and outputs) is sent in plain text and is susceptible to eavesdropping. Use IPC transport or launch with kernel manager-provisioned CurveZMQ keys to enable transport encryption.
[IPKernelApp] WARNING | Kernel is running over TCP without encryption. All communication (including code and outputs) is sent in plain text and is susceptible to eavesdropping. Use IPC transport or launch with kernel manager-provisioned CurveZMQ keys to enable transport encryption.
[IPKernelApp] WARNING | Kernel is running over TCP without encryption. All communication (including code and outputs) is sent in plain text and is susceptible to eavesdropping. Use IPC transport or launch with kernel manager-provisioned CurveZMQ keys to enable transport encryption.
[IPKernelApp] WARNING | Kernel is running over TCP without encryption. All communication (including code and outputs) is sent in plain text and is susceptible to eavesdropping. Use IPC transport or launch with kernel manager-provisioned CurveZMQ keys to enable transport encryption.
[IPKernelApp] WARNING | Kernel is running over TCP without encryption. All communication (including code and outputs) is sent in plain text and is susceptible to eavesdropping. Use IPC transport or launch with kernel manager-provisioned CurveZMQ keys to enable transport encryption.
[IPKernelApp] WARNING | Kernel is running over TCP without encryption. All communication (including code and outputs) is sent in plain text and is susceptible to eavesdropping. Use IPC transport or launch with kernel manager-provisioned CurveZMQ keys to enable transport encryption.
[IPKernelApp] WARNING | Kernel is running over TCP without encryption. All communication (including code and outputs) is sent in plain text and is susceptible to eavesdropping. Use IPC transport or launch with kernel manager-provisioned CurveZMQ keys to enable transport encryption.
[IPKernelApp] WARNING | Kernel is running over TCP without encryption. All communication (including code and outputs) is sent in plain text and is susceptible to eavesdropping. Use IPC transport or launch with kernel manager-provisioned CurveZMQ keys to enable transport encryption.
[IPKernelApp] WARNING | Kernel is running over TCP without encryption. All communication (including code and outputs) is sent in plain text and is susceptible to eavesdropping. Use IPC transport or launch with kernel manager-provisioned CurveZMQ keys to enable transport encryption.
[IPKernelApp] WARNING | Kernel is running over TCP without encryption. All communication (including code and outputs) is sent in plain text and is susceptible to eavesdropping. Use IPC transport or launch with kernel manager-provisioned CurveZMQ keys to enable transport encryption.
[IPKernelApp] WARNING | Kernel is running over TCP without encryption. All communication (including code and outputs) is sent in plain text and is susceptible to eavesdropping. Use IPC transport or launch with kernel manager-provisioned CurveZMQ keys to enable transport encryption.
[IPKernelApp] WARNING | Kernel is running over TCP without encryption. All communication (including code and outputs) is sent in plain text and is susceptible to eavesdropping. Use IPC transport or launch with kernel manager-provisioned CurveZMQ keys to enable transport encryption.
[IPKernelApp] WARNING | Kernel is running over TCP without encryption. All communication (including code and outputs) is sent in plain text and is susceptible to eavesdropping. Use IPC transport or launch with kernel manager-provisioned CurveZMQ keys to enable transport encryption.
[IPKernelApp] WARNING | Kernel is running over TCP without encryption. All communication (including code and outputs) is sent in plain text and is susceptible to eavesdropping. Use IPC transport or launch with kernel manager-provisioned CurveZMQ keys to enable transport encryption.
[IPKernelApp] WARNING | Kernel is running over TCP without encryption. All communication (including code and outputs) is sent in plain text and is susceptible to eavesdropping. Use IPC transport or launch with kernel manager-provisioned CurveZMQ keys to enable transport encryption.
[IPKernelApp] WARNING | Kernel is running over TCP without encryption. All communication (including code and outputs) is sent in plain text and is susceptible to eavesdropping. Use IPC transport or launch with kernel manager-provisioned CurveZMQ keys to enable transport encryption.
[IPKernelApp] WARNING | Kernel is running over TCP without encryption. All communication (including code and outputs) is sent in plain text and is susceptible to eavesdropping. Use IPC transport or launch with kernel manager-provisioned CurveZMQ keys to enable transport encryption.
[IPKernelApp] WARNING | Kernel is running over TCP without encryption. All communication (including code and outputs) is sent in plain text and is susceptible to eavesdropping. Use IPC transport or launch with kernel manager-provisioned CurveZMQ keys to enable transport encryption.
[IPKernelApp] WARNING | Kernel is running over TCP without encryption. All communication (including code and outputs) is sent in plain text and is susceptible to eavesdropping. Use IPC transport or launch with kernel manager-provisioned CurveZMQ keys to enable transport encryption.
[IPKernelApp] WARNING | Kernel is running over TCP without encryption. All communication (including code and outputs) is sent in plain text and is susceptible to eavesdropping. Use IPC transport or launch with kernel manager-provisioned CurveZMQ keys to enable transport encryption.
[IPKernelApp] WARNING | Kernel is running over TCP without encryption. All communication (including code and outputs) is sent in plain text and is susceptible to eavesdropping. Use IPC transport or launch with kernel manager-provisioned CurveZMQ keys to enable transport encryption.
[IPKernelApp] WARNING | Kernel is running over TCP without encryption. All communication (including code and outputs) is sent in plain text and is susceptible to eavesdropping. Use IPC transport or launch with kernel manager-provisioned CurveZMQ keys to enable transport encryption.
[IPKernelApp] WARNING | Kernel is running over TCP without encryption. All communication (including code and outputs) is sent in plain text and is susceptible to eavesdropping. Use IPC transport or launch with kernel manager-provisioned CurveZMQ keys to enable transport encryption.
[IPKernelApp] WARNING | Kernel is running over TCP without encryption. All communication (including code and outputs) is sent in plain text and is susceptible to eavesdropping. Use IPC transport or launch with kernel manager-provisioned CurveZMQ keys to enable transport encryption.
[IPKernelApp] WARNING | Kernel is running over TCP without encryption. All communication (including code and outputs) is sent in plain text and is susceptible to eavesdropping. Use IPC transport or launch with kernel manager-provisioned CurveZMQ keys to enable transport encryption.
[IPKernelApp] WARNING | Kernel is running over TCP without encryption. All communication (including code and outputs) is sent in plain text and is susceptible to eavesdropping. Use IPC transport or launch with kernel manager-provisioned CurveZMQ keys to enable transport encryption.
[IPKernelApp] WARNING | Kernel is running over TCP without encryption. All communication (including code and outputs) is sent in plain text and is susceptible to eavesdropping. Use IPC transport or launch with kernel manager-provisioned CurveZMQ keys to enable transport encryption.
[IPKernelApp] WARNING | Kernel is running over TCP without encryption. All communication (including code and outputs) is sent in plain text and is susceptible to eavesdropping. Use IPC transport or launch with kernel manager-provisioned CurveZMQ keys to enable transport encryption.
[IPKernelApp] WARNING | Kernel is running over TCP without encryption. All communication (including code and outputs) is sent in plain text and is susceptible to eavesdropping. Use IPC transport or launch with kernel manager-provisioned CurveZMQ keys to enable transport encryption.
[IPKernelApp] WARNING | Kernel is running over TCP without encryption. All communication (including code and outputs) is sent in plain text and is susceptible to eavesdropping. Use IPC transport or launch with kernel manager-provisioned CurveZMQ keys to enable transport encryption.
[IPKernelApp] WARNING | Kernel is running over TCP without encryption. All communication (including code and outputs) is sent in plain text and is susceptible to eavesdropping. Use IPC transport or launch with kernel manager-provisioned CurveZMQ keys to enable transport encryption.
[IPKernelApp] WARNING | Kernel is running over TCP without encryption. All communication (including code and outputs) is sent in plain text and is susceptible to eavesdropping. Use IPC transport or launch with kernel manager-provisioned CurveZMQ keys to enable transport encryption.
[IPKernelApp] WARNING | Kernel is running over TCP without encryption. All communication (including code and outputs) is sent in plain text and is susceptible to eavesdropping. Use IPC transport or launch with kernel manager-provisioned CurveZMQ keys to enable transport encryption.
[IPKernelApp] WARNING | Kernel is running over TCP without encryption. All communication (including code and outputs) is sent in plain text and is susceptible to eavesdropping. Use IPC transport or launch with kernel manager-provisioned CurveZMQ keys to enable transport encryption.
[IPKernelApp] WARNING | Kernel is running over TCP without encryption. All communication (including code and outputs) is sent in plain text and is susceptible to eavesdropping. Use IPC transport or launch with kernel manager-provisioned CurveZMQ keys to enable transport encryption.
[IPKernelApp] WARNING | Kernel is running over TCP without encryption. All communication (including code and outputs) is sent in plain text and is susceptible to eavesdropping. Use IPC transport or launch with kernel manager-provisioned CurveZMQ keys to enable transport encryption.
[IPKernelApp] WARNING | Kernel is running over TCP without encryption. All communication (including code and outputs) is sent in plain text and is susceptible to eavesdropping. Use IPC transport or launch with kernel manager-provisioned CurveZMQ keys to enable transport encryption.
[IPKernelApp] WARNING | Kernel is running over TCP without encryption. All communication (including code and outputs) is sent in plain text and is susceptible to eavesdropping. Use IPC transport or launch with kernel manager-provisioned CurveZMQ keys to enable transport encryption.
[IPKernelApp] WARNING | Kernel is running over TCP without encryption. All communication (including code and outputs) is sent in plain text and is susceptible to eavesdropping. Use IPC transport or launch with kernel manager-provisioned CurveZMQ keys to enable transport encryption.
[IPKernelApp] WARNING | Kernel is running over TCP without encryption. All communication (including code and outputs) is sent in plain text and is susceptible to eavesdropping. Use IPC transport or launch with kernel manager-provisioned CurveZMQ keys to enable transport encryption.
[IPKernelApp] WARNING | Kernel is running over TCP without encryption. All communication (including code and outputs) is sent in plain text and is susceptible to eavesdropping. Use IPC transport or launch with kernel manager-provisioned CurveZMQ keys to enable transport encryption.
[IPKernelApp] WARNING | Kernel is running over TCP without encryption. All communication (including code and outputs) is sent in plain text and is susceptible to eavesdropping. Use IPC transport or launch with kernel manager-provisioned CurveZMQ keys to enable transport encryption.
[IPKernelApp] WARNING | Kernel is running over TCP without encryption. All communication (including code and outputs) is sent in plain text and is susceptible to eavesdropping. Use IPC transport or launch with kernel manager-provisioned CurveZMQ keys to enable transport encryption.
[IPKernelApp] WARNING | Kernel is running over TCP without encryption. All communication (including code and outputs) is sent in plain text and is susceptible to eavesdropping. Use IPC transport or launch with kernel manager-provisioned CurveZMQ keys to enable transport encryption.
[IPKernelApp] WARNING | Kernel is running over TCP without encryption. All communication (including code and outputs) is sent in plain text and is susceptible to eavesdropping. Use IPC transport or launch with kernel manager-provisioned CurveZMQ keys to enable transport encryption.
[IPKernelApp] WARNING | Kernel is running over TCP without encryption. All communication (including code and outputs) is sent in plain text and is susceptible to eavesdropping. Use IPC transport or launch with kernel manager-provisioned CurveZMQ keys to enable transport encryption.
[IPKernelApp] WARNING | Kernel is running over TCP without encryption. All communication (including code and outputs) is sent in plain text and is susceptible to eavesdropping. Use IPC transport or launch with kernel manager-provisioned CurveZMQ keys to enable transport encryption.
[IPKernelApp] WARNING | Kernel is running over TCP without encryption. All communication (including code and outputs) is sent in plain text and is susceptible to eavesdropping. Use IPC transport or launch with kernel manager-provisioned CurveZMQ keys to enable transport encryption.
[IPKernelApp] WARNING | Kernel is running over TCP without encryption. All communication (including code and outputs) is sent in plain text and is susceptible to eavesdropping. Use IPC transport or launch with kernel manager-provisioned CurveZMQ keys to enable transport encryption.
[IPKernelApp] WARNING | Kernel is running over TCP without encryption. All communication (including code and outputs) is sent in plain text and is susceptible to eavesdropping. Use IPC transport or launch with kernel manager-provisioned CurveZMQ keys to enable transport encryption.
[IPKernelApp] WARNING | Kernel is running over TCP without encryption. All communication (including code and outputs) is sent in plain text and is susceptible to eavesdropping. Use IPC transport or launch with kernel manager-provisioned CurveZMQ keys to enable transport encryption.
[IPKernelApp] WARNING | Kernel is running over TCP without encryption. All communication (including code and outputs) is sent in plain text and is susceptible to eavesdropping. Use IPC transport or launch with kernel manager-provisioned CurveZMQ keys to enable transport encryption.
[IPKernelApp] WARNING | Kernel is running over TCP without encryption. All communication (including code and outputs) is sent in plain text and is susceptible to eavesdropping. Use IPC transport or launch with kernel manager-provisioned CurveZMQ keys to enable transport encryption.
[IPKernelApp] WARNING | Kernel is running over TCP without encryption. All communication (including code and outputs) is sent in plain text and is susceptible to eavesdropping. Use IPC transport or launch with kernel manager-provisioned CurveZMQ keys to enable transport encryption.
[IPKernelApp] WARNING | Kernel is running over TCP without encryption. All communication (including code and outputs) is sent in plain text and is susceptible to eavesdropping. Use IPC transport or launch with kernel manager-provisioned CurveZMQ keys to enable transport encryption.
[IPKernelApp] WARNING | Kernel is running over TCP without encryption. All communication (including code and outputs) is sent in plain text and is susceptible to eavesdropping. Use IPC transport or launch with kernel manager-provisioned CurveZMQ keys to enable transport encryption.
[IPKernelApp] WARNING | Kernel is running over TCP without encryption. All communication (including code and outputs) is sent in plain text and is susceptible to eavesdropping. Use IPC transport or launch with kernel manager-provisioned CurveZMQ keys to enable transport encryption.
[IPKernelApp] WARNING | Kernel is running over TCP without encryption. All communication (including code and outputs) is sent in plain text and is susceptible to eavesdropping. Use IPC transport or launch with kernel manager-provisioned CurveZMQ keys to enable transport encryption.
[IPKernelApp] WARNING | Kernel is running over TCP without encryption. All communication (including code and outputs) is sent in plain text and is susceptible to eavesdropping. Use IPC transport or launch with kernel manager-provisioned CurveZMQ keys to enable transport encryption.
[IPKernelApp] WARNING | Kernel is running over TCP without encryption. All communication (including code and outputs) is sent in plain text and is susceptible to eavesdropping. Use IPC transport or launch with kernel manager-provisioned CurveZMQ keys to enable transport encryption.
[IPKernelApp] WARNING | Kernel is running over TCP without encryption. All communication (including code and outputs) is sent in plain text and is susceptible to eavesdropping. Use IPC transport or launch with kernel manager-provisioned CurveZMQ keys to enable transport encryption.
[IPKernelApp] WARNING | Kernel is running over TCP without encryption. All communication (including code and outputs) is sent in plain text and is susceptible to eavesdropping. Use IPC transport or launch with kernel manager-provisioned CurveZMQ keys to enable transport encryption.
[IPKernelApp] WARNING | Kernel is running over TCP without encryption. All communication (including code and outputs) is sent in plain text and is susceptible to eavesdropping. Use IPC transport or launch with kernel manager-provisioned CurveZMQ keys to enable transport encryption.
[IPKernelApp] WARNING | Kernel is running over TCP without encryption. All communication (including code and outputs) is sent in plain text and is susceptible to eavesdropping. Use IPC transport or launch with kernel manager-provisioned CurveZMQ keys to enable transport encryption.
[IPKernelApp] WARNING | Kernel is running over TCP without encryption. All communication (including code and outputs) is sent in plain text and is susceptible to eavesdropping. Use IPC transport or launch with kernel manager-provisioned CurveZMQ keys to enable transport encryption.
[IPKernelApp] WARNING | Kernel is running over TCP without encryption. All communication (including code and outputs) is sent in plain text and is susceptible to eavesdropping. Use IPC transport or launch with kernel manager-provisioned CurveZMQ keys to enable transport encryption.
[IPKernelApp] WARNING | Kernel is running over TCP without encryption. All communication (including code and outputs) is sent in plain text and is susceptible to eavesdropping. Use IPC transport or launch with kernel manager-provisioned CurveZMQ keys to enable transport encryption.
[IPKernelApp] WARNING | Kernel is running over TCP without encryption. All communication (including code and outputs) is sent in plain text and is susceptible to eavesdropping. Use IPC transport or launch with kernel manager-provisioned CurveZMQ keys to enable transport encryption.
[IPKernelApp] WARNING | Kernel is running over TCP without encryption. All communication (including code and outputs) is sent in plain text and is susceptible to eavesdropping. Use IPC transport or launch with kernel manager-provisioned CurveZMQ keys to enable transport encryption.
[IPKernelApp] WARNING | Kernel is running over TCP without encryption. All communication (including code and outputs) is sent in plain text and is susceptible to eavesdropping. Use IPC transport or launch with kernel manager-provisioned CurveZMQ keys to enable transport encryption.
[IPKernelApp] WARNING | Kernel is running over TCP without encryption. All communication (including code and outputs) is sent in plain text and is susceptible to eavesdropping. Use IPC transport or launch with kernel manager-provisioned CurveZMQ keys to enable transport encryption.
[IPKernelApp] WARNING | Kernel is running over TCP without encryption. All communication (including code and outputs) is sent in plain text and is susceptible to eavesdropping. Use IPC transport or launch with kernel manager-provisioned CurveZMQ keys to enable transport encryption.
[IPKernelApp] WARNING | Kernel is running over TCP without encryption. All communication (including code and outputs) is sent in plain text and is susceptible to eavesdropping. Use IPC transport or launch with kernel manager-provisioned CurveZMQ keys to enable transport encryption.
[IPKernelApp] WARNING | Kernel is running over TCP without encryption. All communication (including code and outputs) is sent in plain text and is susceptible to eavesdropping. Use IPC transport or launch with kernel manager-provisioned CurveZMQ keys to enable transport encryption.
[IPKernelApp] WARNING | Kernel is running over TCP without encryption. All communication (including code and outputs) is sent in plain text and is susceptible to eavesdropping. Use IPC transport or launch with kernel manager-provisioned CurveZMQ keys to enable transport encryption.
[IPKernelApp] WARNING | Kernel is running over TCP without encryption. All communication (including code and outputs) is sent in plain text and is susceptible to eavesdropping. Use IPC transport or launch with kernel manager-provisioned CurveZMQ keys to enable transport encryption.
[IPKernelApp] WARNING | Kernel is running over TCP without encryption. All communication (including code and outputs) is sent in plain text and is susceptible to eavesdropping. Use IPC transport or launch with kernel manager-provisioned CurveZMQ keys to enable transport encryption.
[IPKernelApp] WARNING | Kernel is running over TCP without encryption. All communication (including code and outputs) is sent in plain text and is susceptible to eavesdropping. Use IPC transport or launch with kernel manager-provisioned CurveZMQ keys to enable transport encryption.
[IPKernelApp] WARNING | Kernel is running over TCP without encryption. All communication (including code and outputs) is sent in plain text and is susceptible to eavesdropping. Use IPC transport or launch with kernel manager-provisioned CurveZMQ keys to enable transport encryption.
[IPKernelApp] WARNING | Kernel is running over TCP without encryption. All communication (including code and outputs) is sent in plain text and is susceptible to eavesdropping. Use IPC transport or launch with kernel manager-provisioned CurveZMQ keys to enable transport encryption.
[IPKernelApp] WARNING | Kernel is running over TCP without encryption. All communication (including code and outputs) is sent in plain text and is susceptible to eavesdropping. Use IPC transport or launch with kernel manager-provisioned CurveZMQ keys to enable transport encryption.
[IPKernelApp] WARNING | Kernel is running over TCP without encryption. All communication (including code and outputs) is sent in plain text and is susceptible to eavesdropping. Use IPC transport or launch with kernel manager-provisioned CurveZMQ keys to enable transport encryption.
[IPKernelApp] WARNING | Kernel is running over TCP without encryption. All communication (including code and outputs) is sent in plain text and is susceptible to eavesdropping. Use IPC transport or launch with kernel manager-provisioned CurveZMQ keys to enable transport encryption.
[IPKernelApp] WARNING | Kernel is running over TCP without encryption. All communication (including code and outputs) is sent in plain text and is susceptible to eavesdropping. Use IPC transport or launch with kernel manager-provisioned CurveZMQ keys to enable transport encryption.
[IPKernelApp] WARNING | Kernel is running over TCP without encryption. All communication (including code and outputs) is sent in plain text and is susceptible to eavesdropping. Use IPC transport or launch with kernel manager-provisioned CurveZMQ keys to enable transport encryption.
[IPKernelApp] WARNING | Kernel is running over TCP without encryption. All communication (including code and outputs) is sent in plain text and is susceptible to eavesdropping. Use IPC transport or launch with kernel manager-provisioned CurveZMQ keys to enable transport encryption.
[IPKernelApp] WARNING | Kernel is running over TCP without encryption. All communication (including code and outputs) is sent in plain text and is susceptible to eavesdropping. Use IPC transport or launch with kernel manager-provisioned CurveZMQ keys to enable transport encryption.
[IPKernelApp] WARNING | Kernel is running over TCP without encryption. All communication (including code and outputs) is sent in plain text and is susceptible to eavesdropping. Use IPC transport or launch with kernel manager-provisioned CurveZMQ keys to enable transport encryption.
[IPKernelApp] WARNING | Kernel is running over TCP without encryption. All communication (including code and outputs) is sent in plain text and is susceptible to eavesdropping. Use IPC transport or launch with kernel manager-provisioned CurveZMQ keys to enable transport encryption.
[IPKernelApp] WARNING | Kernel is running over TCP without encryption. All communication (including code and outputs) is sent in plain text and is susceptible to eavesdropping. Use IPC transport or launch with kernel manager-provisioned CurveZMQ keys to enable transport encryption.
[IPKernelApp] WARNING | Kernel is running over TCP without encryption. All communication (including code and outputs) is sent in plain text and is susceptible to eavesdropping. Use IPC transport or launch with kernel manager-provisioned CurveZMQ keys to enable transport encryption.
[IPKernelApp] WARNING | Kernel is running over TCP without encryption. All communication (including code and outputs) is sent in plain text and is susceptible to eavesdropping. Use IPC transport or launch with kernel manager-provisioned CurveZMQ keys to enable transport encryption.
[IPKernelApp] WARNING | Kernel is running over TCP without encryption. All communication (including code and outputs) is sent in plain text and is susceptible to eavesdropping. Use IPC transport or launch with kernel manager-provisioned CurveZMQ keys to enable transport encryption.
[IPKernelApp] WARNING | Kernel is running over TCP without encryption. All communication (including code and outputs) is sent in plain text and is susceptible to eavesdropping. Use IPC transport or launch with kernel manager-provisioned CurveZMQ keys to enable transport encryption.
[IPKernelApp] WARNING | Kernel is running over TCP without encryption. All communication (including code and outputs) is sent in plain text and is susceptible to eavesdropping. Use IPC transport or launch with kernel manager-provisioned CurveZMQ keys to enable transport encryption.
OK  chap02_review.ipynb | Question 10 (medium): wrong calls | correct-call/example | sol=None | 'import math\nprint(math.pow(5, 2))'
OK  chap02_review.ipynb | Question 10 (medium): wrong calls | correct-call/example | sol=None | 'import math\nprint(math.pow(2, 0.5))'
OK  chap02_review.ipynb | Question 11 (medium): write code | write-code example | sol=0 | 'hours = 1\nminutes = 2\nseconds = 3'
OK  chap02_review.ipynb | Question 11 (medium): write code | write-code example | sol=1 | 'hours = 1\nminutes = 2\nseconds = 3'
OK  chap02_review.ipynb | Question 11 (medium): write code | write-code example | sol=0 | 'hours = 0\nminutes = 42\nseconds = 42'
OK  chap02_review.ipynb | Question 11 (medium): write code | write-code example | sol=1 | 'hours = 0\nminutes = 42\nseconds = 42'
OK  chap02_review.ipynb | Question 12 (medium): write code with comments | write-code example | sol=0 | 'km = 10'
OK  chap02_review.ipynb | Question 12 (medium): write code with comments | write-code example | sol=1 | 'km = 10'
OK  chap02_review.ipynb | Question 12 (medium): write code with comments | write-code example | sol=0 | 'km = 42.195'
OK  chap02_review.ipynb | Question 12 (medium): write code with comments | write-code example | sol=1 | 'km = 42.195'
OK  chap02_review.ipynb | Question 16 (hard): write code | write-code example | sol=0 | "price = '19.99'\nquantity = '3'"
OK  chap02_review.ipynb | Question 16 (hard): write code | write-code example | sol=0 | "price = '2.5'\nquantity = '4'"
OK  chap02_review.ipynb | Question 17 (hard): write code | write-code example | sol=0 | 'total = 3725'
OK  chap02_review.ipynb | Question 17 (hard): write code | write-code example | sol=1 | 'total = 3725'
OK  chap02_review.ipynb | Question 17 (hard): write code | write-code example | sol=0 | 'total = 7384'
OK  chap02_review.ipynb | Question 17 (hard): write code | write-code example | sol=1 | 'total = 7384'
BAD chap03_review.ipynb | Question 5 (easy): write a function | write-code example | sol=0 | 'def underline(text):\n    ...\n```\n\n**Examples**\n\n``'
    expected: 'Hello\n-----'
    got:      'SyntaxError: invalid syntax'
OK  chap03_review.ipynb | Question 5 (easy): write a function | write-code example | sol=0 | "underline('Python 3')"
OK  chap03_review.ipynb | Question 10 (medium): local variables and wrong calls | correct-call/example | sol=None | 'add_and_show(2, 3)'
OK  chap03_review.ipynb | Question 10 (medium): local variables and wrong calls | correct-call/example | sol=None | 'add_and_show(10, -4)'
BAD chap03_review.ipynb | Question 11 (medium): write a function | write-code example | sol=0 | 'def print_right(text, width):\n    ...\n```\n\n**Examp'
    expected: 'Monty\n    Python\n       Flying Circus'
    got:      'SyntaxError: invalid syntax'
BAD chap03_review.ipynb | Question 11 (medium): write a function | write-code example | sol=1 | 'def print_right(text, width):\n    ...\n```\n\n**Examp'
    expected: 'Monty\n    Python\n       Flying Circus'
    got:      'SyntaxError: invalid syntax'
OK  chap03_review.ipynb | Question 11 (medium): write a function | write-code example | sol=0 | "print_right('abc', 3)\nprint_right('abc', 4)"
OK  chap03_review.ipynb | Question 11 (medium): write a function | write-code example | sol=1 | "print_right('abc', 3)\nprint_right('abc', 4)"
BAD chap03_review.ipynb | Question 12 (medium): refactor into a function | write-code example | sol=0 | "print('Old MacDonald had a farm')\nprint('And on th"
    expected: 'Old MacDonald had a farm\nAnd on that farm he had a cow\nWith a moo moo here'
    got:      'SyntaxError: invalid syntax'
BAD chap03_review.ipynb | Question 12 (medium): refactor into a function | write-code example | sol=1 | "print('Old MacDonald had a farm')\nprint('And on th"
    expected: 'Old MacDonald had a farm\nAnd on that farm he had a cow\nWith a moo moo here'
    got:      'SyntaxError: invalid syntax'
OK  chap03_review.ipynb | Question 12 (medium): refactor into a function | write-code example | sol=0 | "verse('pig', 'oink')"
OK  chap03_review.ipynb | Question 12 (medium): refactor into a function | write-code example | sol=1 | "verse('pig', 'oink')"
OK  chap03_review.ipynb | Question 14 (hard): tracebacks | correct-call/example | sol=None | 'outer(5)'
OK  chap03_review.ipynb | Question 14 (hard): tracebacks | correct-call/example | sol=None | 'outer(2.5)'
BAD chap03_review.ipynb | Question 15 (hard): write a function | write-code example | sol=0 | 'def pyramid(char, height):\n    ...\n```\n\n**Examples'
    expected: '*\n ***\n*****'
    got:      'SyntaxError: invalid syntax'
BAD chap03_review.ipynb | Question 15 (hard): write a function | write-code example | sol=1 | 'def pyramid(char, height):\n    ...\n```\n\n**Examples'
    expected: '*\n ***\n*****'
    got:      'SyntaxError: invalid syntax'
OK  chap03_review.ipynb | Question 15 (hard): write a function | write-code example | sol=0 | "pyramid('#', 5)"
OK  chap03_review.ipynb | Question 15 (hard): write a function | write-code example | sol=1 | "pyramid('#', 5)"
BAD chap03_review.ipynb | Question 16 (hard): write two functions | write-code example | sol=0 | 'def print_border(n):\n    ...\n\ndef print_grid(n):\n '
    expected: '+---+---+---+'
    got:      'SyntaxError: invalid syntax'
BAD chap03_review.ipynb | Question 16 (hard): write two functions | write-code example | sol=1 | 'def print_border(n):\n    ...\n\ndef print_grid(n):\n '
    expected: '+---+---+---+'
    got:      'SyntaxError: invalid syntax'
OK  chap03_review.ipynb | Question 16 (hard): write two functions | write-code example | sol=0 | 'print_grid(2)'
OK  chap03_review.ipynb | Question 16 (hard): write two functions | write-code example | sol=1 | 'print_grid(2)'
OK  chap03_review.ipynb | Question 16 (hard): write two functions | write-code example | sol=0 | 'print_grid(3)'
OK  chap03_review.ipynb | Question 16 (hard): write two functions | write-code example | sol=1 | 'print_grid(3)'
BAD chap04_review.ipynb | Question 3 (easy): write a function | write-code example | sol=0 | 'def triangle(length):\n    ...\n```\n\n**Examples**\n\n`'
    expected: '<turtle img>'
    got:      'ran, image identical'
BAD chap04_review.ipynb | Question 3 (easy): write a function | write-code example | sol=1 | 'def triangle(length):\n    ...\n```\n\n**Examples**\n\n`'
    expected: '<turtle img>'
    got:      'ran, image identical'
OK  chap04_review.ipynb | Question 3 (easy): write a function | write-code example | sol=0 | 'make_turtle()\ntriangle(30)'
OK  chap04_review.ipynb | Question 3 (easy): write a function | write-code example | sol=1 | 'make_turtle()\ntriangle(30)'
BAD chap04_review.ipynb | Question 10 (medium): write a function | write-code example | sol=0 | 'def star(length):\n    ...\n```\n\nHint: the turtle dr'
    expected: '<turtle img>'
    got:      'ran, image identical'
BAD chap04_review.ipynb | Question 10 (medium): write a function | write-code example | sol=1 | 'def star(length):\n    ...\n```\n\nHint: the turtle dr'
    expected: '<turtle img>'
    got:      'ran, image identical'
OK  chap04_review.ipynb | Question 10 (medium): write a function | write-code example | sol=0 | 'make_turtle()\nstar(50)'
OK  chap04_review.ipynb | Question 10 (medium): write a function | write-code example | sol=1 | 'make_turtle()\nstar(50)'
BAD chap04_review.ipynb | Question 11 (medium): write a function | write-code example | sol=0 | 'def row_of_squares(n, length):\n    ...\n```\n\nYou ma'
    expected: '<turtle img>'
    got:      'ran, image identical'
OK  chap04_review.ipynb | Question 11 (medium): write a function | write-code example | sol=0 | 'make_turtle()\njump(-120)\nrow_of_squares(3, 60)'
BAD chap04_review.ipynb | Question 12 (medium): write a function with a docstring | write-code example | sol=0 | 'def staircase(steps, size):\n    ...\n```\n\n**Example'
    expected: '<turtle img>'
    got:      'ran, image identical'
OK  chap04_review.ipynb | Question 12 (medium): write a function with a docstring | write-code example | sol=0 | 'make_turtle()\nstaircase(2, 30)'
OK  chap04_review.ipynb | Question 12 (medium): write a function with a docstring | write-code example (help) | sol=0 | 'help(staircase)'
OK  chap04_review.ipynb | Question 14 (hard): preconditions | correct-call/example | sol=None | 'make_turtle()\npolygon(4, 40)'
OK  chap04_review.ipynb | Question 14 (hard): preconditions | correct-call/example | sol=None | 'make_turtle()\npolygon(n=6, length=25)'
OK  chap04_review.ipynb | Question 15 (hard): keyword arguments | correct-call/example | sol=None | "describe('hexagon', 6)"
OK  chap04_review.ipynb | Question 15 (hard): keyword arguments | correct-call/example | sol=None | "describe(sides=5, shape='pentagon')"
BAD chap04_review.ipynb | Question 16 (hard): write a function | write-code example | sol=0 | 'def spiral(n, length, angle, increase):\n    ...\n``'
    expected: '<turtle img>'
    got:      'ran, image identical'
BAD chap04_review.ipynb | Question 16 (hard): write a function | write-code example | sol=1 | 'def spiral(n, length, angle, increase):\n    ...\n``'
    expected: '<turtle img>'
    got:      'ran, image DIFFERS'
OK  chap04_review.ipynb | Question 16 (hard): write a function | write-code example | sol=0 | 'make_turtle(delay=0)\nspiral(20, 5, 90, 5)'
OK  chap04_review.ipynb | Question 16 (hard): write a function | write-code example | sol=1 | 'make_turtle(delay=0)\nspiral(20, 5, 90, 5)'
BAD chap04_review.ipynb | Question 17 (hard): write a function | write-code example | sol=0 | 'def grid(rows, cols, size):\n    ...\n```\n\nYou may u'
    expected: '<turtle img>'
    got:      'ran, image identical'
BAD chap04_review.ipynb | Question 17 (hard): write a function | write-code example | sol=1 | 'def grid(rows, cols, size):\n    ...\n```\n\nYou may u'
    expected: '<turtle img>'
    got:      'ran, image DIFFERS'
OK  chap04_review.ipynb | Question 17 (hard): write a function | write-code example | sol=0 | 'make_turtle(delay=0)\njump(-60)\ngrid(2, 4, 30)'
OK  chap04_review.ipynb | Question 17 (hard): write a function | write-code example | sol=1 | 'make_turtle(delay=0)\njump(-60)\ngrid(2, 4, 30)'
BAD chap04_review.ipynb | Question 18 (hard): refactor | write-code example | sol=0 | 'def triangle_row(n, length):\n    for i in range(n)'
    expected: '<turtle img>'
    got:      'ran, image identical'
OK  chap04_review.ipynb | Question 18 (hard): refactor | write-code example | sol=0 | 'make_turtle(delay=0)\njump(-60)\nsquare_row(3, 40)'
BAD chap04_review.ipynb | Question 19 (hard): generalize a function | write-code example | sol=0 | 'def arc(radius, angle):\n    arc_length = 2 * math.'
    expected: '<turtle img>'
    got:      'ran, image DIFFERS'
OK  chap04_review.ipynb | Question 19 (hard): generalize a function | write-code example | sol=0 | 'make_turtle(delay=0)\narc_n(30, 180, 30)'
OK  chap04_review.ipynb | Question 19 (hard): generalize a function | write-code example | sol=0 | 'make_turtle(delay=0)\ncircle(30)'
BAD chap05_review.ipynb | Question 4 (easy): write a function | write-code example | sol=0 | 'def sign(x):\n    ...\n```\n\n**Examples**\n\n```python\n'
    expected: 'positive\nnegative'
    got:      'SyntaxError: invalid syntax'
BAD chap05_review.ipynb | Question 4 (easy): write a function | write-code example | sol=1 | 'def sign(x):\n    ...\n```\n\n**Examples**\n\n```python\n'
    expected: 'positive\nnegative'
    got:      'SyntaxError: invalid syntax'
OK  chap05_review.ipynb | Question 4 (easy): write a function | write-code example | sol=0 | 'sign(0)'
OK  chap05_review.ipynb | Question 4 (easy): write a function | write-code example | sol=1 | 'sign(0)'
BAD chap05_review.ipynb | Question 9 (medium): write a function | write-code example | sol=0 | 'def end_hour(start, duration):\n    ...\n```\n\n**Exam'
    expected: '12\n3'
    got:      'SyntaxError: invalid syntax'
OK  chap05_review.ipynb | Question 9 (medium): write a function | write-code example | sol=0 | 'end_hour(20, 28)'
BAD chap05_review.ipynb | Question 10 (medium): write a function | write-code example | sol=0 | 'def fizzbuzz(n):\n    ...\n```\n\n**Examples**\n\n```pyt'
    expected: 'Fizz\nBuzz'
    got:      'SyntaxError: invalid syntax'
BAD chap05_review.ipynb | Question 10 (medium): write a function | write-code example | sol=1 | 'def fizzbuzz(n):\n    ...\n```\n\n**Examples**\n\n```pyt'
    expected: 'Fizz\nBuzz'
    got:      'SyntaxError: invalid syntax'
OK  chap05_review.ipynb | Question 10 (medium): write a function | write-code example | sol=0 | 'fizzbuzz(30)\nfizzbuzz(7)'
OK  chap05_review.ipynb | Question 10 (medium): write a function | write-code example | sol=1 | 'fizzbuzz(30)\nfizzbuzz(7)'
BAD chap05_review.ipynb | Question 11 (medium): write a function | write-code example | sol=0 | 'def largest(a, b, c):\n    ...\n```\n\n**Examples**\n\n`'
    expected: '9\n10'
    got:      'SyntaxError: invalid syntax'
BAD chap05_review.ipynb | Question 11 (medium): write a function | write-code example | sol=1 | 'def largest(a, b, c):\n    ...\n```\n\n**Examples**\n\n`'
    expected: '9\n10'
    got:      'SyntaxError: invalid syntax'
OK  chap05_review.ipynb | Question 11 (medium): write a function | write-code example | sol=0 | 'largest(5, 5, 1)\nlargest(-1, -8, -0.5)'
OK  chap05_review.ipynb | Question 11 (medium): write a function | write-code example | sol=1 | 'largest(5, 5, 1)\nlargest(-1, -8, -0.5)'
OK  chap05_review.ipynb | Question 14 (hard): infinite recursion | correct-call/example | sol=None | 'countdown_by_two(4)'
OK  chap05_review.ipynb | Question 14 (hard): infinite recursion | correct-call/example | sol=None | 'countdown_by_two(10)'
BAD chap05_review.ipynb | Question 15 (hard): write a recursive function | write-code example | sol=0 | 'def stairs(n):\n    ...\n```\n\n**Examples**\n\n```pytho'
    expected: '###\n##\n#'
    got:      'SyntaxError: invalid syntax'
BAD chap05_review.ipynb | Question 15 (hard): write a recursive function | write-code example | sol=1 | 'def stairs(n):\n    ...\n```\n\n**Examples**\n\n```pytho'
    expected: '###\n##\n#'
    got:      'SyntaxError: invalid syntax'
OK  chap05_review.ipynb | Question 15 (hard): write a recursive function | write-code example | sol=0 | 'stairs(5)'
OK  chap05_review.ipynb | Question 15 (hard): write a recursive function | write-code example | sol=1 | 'stairs(5)'
BAD chap05_review.ipynb | Question 16 (hard): write two recursive functions | write-code example | sol=0 | 'def digits_backward(n):\n    ...\n\ndef digits_forwar'
    expected: '2\n7\n4'
    got:      'SyntaxError: invalid syntax'
BAD chap05_review.ipynb | Question 16 (hard): write two recursive functions | write-code example | sol=1 | 'def digits_backward(n):\n    ...\n\ndef digits_forwar'
    expected: '2\n7\n4'
    got:      'SyntaxError: invalid syntax'
OK  chap05_review.ipynb | Question 16 (hard): write two recursive functions | write-code example | sol=0 | 'digits_forward(472)'
OK  chap05_review.ipynb | Question 16 (hard): write two recursive functions | write-code example | sol=1 | 'digits_forward(472)'
OK  chap05_review.ipynb | Question 16 (hard): write two recursive functions | write-code example | sol=0 | 'digits_forward(5)'
OK  chap05_review.ipynb | Question 16 (hard): write two recursive functions | write-code example | sol=1 | 'digits_forward(5)'
BAD chap06_review.ipynb | Question 4 (easy): write a function | write-code example | sol=0 | 'def average(a, b):\n    ...\n```\n\n**Examples**\n\n```p'
    expected: '4.0'
    got:      'SyntaxError: invalid syntax'
BAD chap06_review.ipynb | Question 4 (easy): write a function | write-code example | sol=1 | 'def average(a, b):\n    ...\n```\n\n**Examples**\n\n```p'
    expected: '4.0'
    got:      'SyntaxError: invalid syntax'
OK  chap06_review.ipynb | Question 4 (easy): write a function | write-code example | sol=0 | 'result = average(1, 2)\nprint(result * 2)'
OK  chap06_review.ipynb | Question 4 (easy): write a function | write-code example | sol=1 | 'result = average(1, 2)\nprint(result * 2)'
BAD chap06_review.ipynb | Question 10 (medium): write two functions | write-code example | sol=0 | 'def larger(a, b):\n    ...\n\ndef largest(a, b, c):\n '
    expected: '7 7'
    got:      'SyntaxError: invalid syntax'
BAD chap06_review.ipynb | Question 10 (medium): write two functions | write-code example | sol=1 | 'def larger(a, b):\n    ...\n\ndef largest(a, b, c):\n '
    expected: '7 7'
    got:      'SyntaxError: invalid syntax'
OK  chap06_review.ipynb | Question 10 (medium): write two functions | write-code example | sol=0 | 'print(largest(4, 9, 2), largest(-1, -5, -3))'
BAD chap06_review.ipynb | Question 10 (medium): write two functions | write-code example | sol=1 | 'print(largest(4, 9, 2), largest(-1, -5, -3))'
    expected: '9 -1'
    got:      "NameError: name 'largest' is not defined"
BAD chap06_review.ipynb | Question 11 (medium): write a boolean function | write-code example | sol=0 | 'def is_leap(year):\n    ...\n```\n\n**Examples**\n\n```p'
    expected: 'True False'
    got:      'SyntaxError: invalid syntax'
BAD chap06_review.ipynb | Question 11 (medium): write a boolean function | write-code example | sol=1 | 'def is_leap(year):\n    ...\n```\n\n**Examples**\n\n```p'
    expected: 'True False'
    got:      'SyntaxError: invalid syntax'
OK  chap06_review.ipynb | Question 11 (medium): write a boolean function | write-code example | sol=0 | 'print(is_leap(1900), is_leap(2000))'
OK  chap06_review.ipynb | Question 11 (medium): write a boolean function | write-code example | sol=1 | 'print(is_leap(1900), is_leap(2000))'
BAD chap06_review.ipynb | Question 12 (medium): simplify a boolean function | write-code example | sol=0 | 'def is_teen(age):\n    if age >= 13 and age <= 19:\n'
    expected: 'True False'
    got:      'SyntaxError: invalid syntax'
BAD chap06_review.ipynb | Question 12 (medium): simplify a boolean function | write-code example | sol=1 | 'def is_teen(age):\n    if age >= 13 and age <= 19:\n'
    expected: 'True False'
    got:      'SyntaxError: invalid syntax'
OK  chap06_review.ipynb | Question 12 (medium): simplify a boolean function | write-code example | sol=0 | 'print(is_teen(19), is_teen(20))'
OK  chap06_review.ipynb | Question 12 (medium): simplify a boolean function | write-code example | sol=1 | 'print(is_teen(19), is_teen(20))'
OK  chap06_review.ipynb | Question 15 (hard): missing the base case | correct-call/example | sol=None | 'print(factorial(3))'
OK  chap06_review.ipynb | Question 15 (hard): missing the base case | correct-call/example | sol=None | 'print(factorial(0))'
BAD chap06_review.ipynb | Question 16 (hard): write a recursive function | write-code example | sol=0 | 'def multiply(a, b):\n    ...\n```\n\n**Examples**\n\n```'
    expected: '42'
    got:      'SyntaxError: invalid syntax'
BAD chap06_review.ipynb | Question 16 (hard): write a recursive function | write-code example | sol=1 | 'def multiply(a, b):\n    ...\n```\n\n**Examples**\n\n```'
    expected: '42'
    got:      'SyntaxError: invalid syntax'
OK  chap06_review.ipynb | Question 16 (hard): write a recursive function | write-code example | sol=0 | 'print(multiply(-3, 4), multiply(5, 0))'
OK  chap06_review.ipynb | Question 16 (hard): write a recursive function | write-code example | sol=1 | 'print(multiply(-3, 4), multiply(5, 0))'
BAD chap06_review.ipynb | Question 17 (hard): incremental development | write-code example | sol=0 | 'def triangle_area(a, b, c):\n    ...\n```\n\n**Example'
    expected: '6.0'
    got:      'SyntaxError: invalid syntax'
BAD chap06_review.ipynb | Question 17 (hard): incremental development | write-code example | sol=1 | 'def triangle_area(a, b, c):\n    ...\n```\n\n**Example'
    expected: '6.0'
    got:      'SyntaxError: invalid syntax'
BAD chap06_review.ipynb | Question 17 (hard): incremental development | write-code example | sol=0 | 'print(triangle_area(5, 5, 6), round(triangle_area('
    expected: '12.0 1.732'
    got:      's is 8.0\ns is 3.0\n0 0'
OK  chap06_review.ipynb | Question 17 (hard): incremental development | write-code example | sol=1 | 'print(triangle_area(5, 5, 6), round(triangle_area('
BAD chap07_review.ipynb | Question 4 (easy): write a function | write-code example | sol=0 | 'def exclaim_letters(word):\n    ...\n```\n\n**Examples'
    expected: 'h!\ni!'
    got:      'SyntaxError: invalid syntax'
OK  chap07_review.ipynb | Question 4 (easy): write a function | write-code example | sol=0 | "exclaim_letters('yes')"
BAD chap07_review.ipynb | Question 10 (medium): write a function | write-code example | sol=0 | 'def count_vowels(word):\n    ...\n```\n\n**Examples**\n'
    expected: '3'
    got:      'SyntaxError: invalid syntax'
BAD chap07_review.ipynb | Question 10 (medium): write a function | write-code example | sol=1 | 'def count_vowels(word):\n    ...\n```\n\n**Examples**\n'
    expected: '3'
    got:      'SyntaxError: invalid syntax'
OK  chap07_review.ipynb | Question 10 (medium): write a function | write-code example | sol=0 | "print(count_vowels('Python'), count_vowels('AEIOU'"
OK  chap07_review.ipynb | Question 10 (medium): write a function | write-code example | sol=1 | "print(count_vowels('Python'), count_vowels('AEIOU'"
BAD chap07_review.ipynb | Question 11 (medium): write a function | write-code example | sol=0 | 'def first_vowel(word):\n    ...\n```\n\n**Examples**\n\n'
    expected: 'o e'
    got:      'SyntaxError: invalid syntax'
OK  chap07_review.ipynb | Question 11 (medium): write a function | write-code example | sol=0 | "print(first_vowel('rhythm'))"
BAD chap07_review.ipynb | Question 16 (hard): write a function | write-code example | sol=0 | 'def is_abecedarian(word):\n    ...\n```\n\n**Examples*'
    expected: 'True True'
    got:      'SyntaxError: invalid syntax'
OK  chap07_review.ipynb | Question 16 (hard): write a function | write-code example | sol=0 | "print(is_abecedarian('hello'), is_abecedarian('a')"
BAD chap07_review.ipynb | Question 17 (hard): write a function with doctests | write-code example | sol=0 | 'def count_doubles(word):\n    ...\n```\n\n**Examples**'
    expected: '3'
    got:      'SyntaxError: invalid syntax'
OK  chap07_review.ipynb | Question 17 (hard): write a function with doctests | write-code example | sol=0 | "print(count_doubles('Mississippi'), count_doubles("
