134 tests
[IPKernelApp] WARNING | Kernel is running over TCP without encryption. All communication (including code and outputs) is sent in plain text and is susceptible to eavesdropping. Use IPC transport or launch with kernel manager-provisioned CurveZMQ keys to enable transport encryption.
[IPKernelApp] WARNING | Kernel is running over TCP without encryption. All communication (including code and outputs) is sent in plain text and is susceptible to eavesdropping. Use IPC transport or launch with kernel manager-provisioned CurveZMQ keys to enable transport encryption.
[IPKernelApp] WARNING | Kernel is running over TCP without encryption. All communication (including code and outputs) is sent in plain text and is susceptible to eavesdropping. Use IPC transport or launch with kernel manager-provisioned CurveZMQ keys to enable transport encryption.
[IPKernelApp] WARNING | Kernel is running over TCP without encryption. All communication (including code and outputs) is sent in plain text and is susceptible to eavesdropping. Use IPC transport or launch with kernel manager-provisioned CurveZMQ keys to enable transport encryption.
[IPKernelApp] WARNING | Kernel is running over TCP without encryption. All communication (including code and outputs) is sent in plain text and is susceptible to eavesdropping. Use IPC transport or launch with kernel manager-provisioned CurveZMQ keys to enable transport encryption.
[IPKernelApp] WARNING | Kernel is running over TCP without encryption. All communication (including code and outputs) is sent in plain text and is susceptible to eavesdropping. Use IPC transport or launch with kernel manager-provisioned CurveZMQ keys to enable transport encryption.
[IPKernelApp] WARNING | Kernel is running over TCP without encryption. All communication (including code and outputs) is sent in plain text and is susceptible to eavesdropping. Use IPC transport or launch with kernel manager-provisioned CurveZMQ keys to enable transport encryption.
[IPKernelApp] WARNING | Kernel is running over TCP without encryption. All communication (including code and outputs) is sent in plain text and is susceptible to eavesdropping. Use IPC transport or launch with kernel manager-provisioned CurveZMQ keys to enable transport encryption.
[IPKernelApp] WARNING | Kernel is running over TCP without encryption. All communication (including code and outputs) is sent in plain text and is susceptible to eavesdropping. Use IPC transport or launch with kernel manager-provisioned CurveZMQ keys to enable transport encryption.
[IPKernelApp] WARNING | Kernel is running over TCP without encryption. All communication (including code and outputs) is sent in plain text and is susceptible to eavesdropping. Use IPC transport or launch with kernel manager-provisioned CurveZMQ keys to enable transport encryption.
[IPKernelApp] WARNING | Kernel is running over TCP without encryption. All communication (including code and outputs) is sent in plain text and is susceptible to eavesdropping. Use IPC transport or launch with kernel manager-provisioned CurveZMQ keys to enable transport encryption.
[IPKernelApp] WARNING | Kernel is running over TCP without encryption. All communication (including code and outputs) is sent in plain text and is susceptible to eavesdropping. Use IPC transport or launch with kernel manager-provisioned CurveZMQ keys to enable transport encryption.
[IPKernelApp] WARNING | Kernel is running over TCP without encryption. All communication (including code and outputs) is sent in plain text and is susceptible to eavesdropping. Use IPC transport or launch with kernel manager-provisioned CurveZMQ keys to enable transport encryption.
[IPKernelApp] WARNING | Kernel is running over TCP without encryption. All communication (including code and outputs) is sent in plain text and is susceptible to eavesdropping. Use IPC transport or launch with kernel manager-provisioned CurveZMQ keys to enable transport encryption.
[IPKernelApp] WARNING | Kernel is running over TCP without encryption. All communication (including code and outputs) is sent in plain text and is susceptible to eavesdropping. Use IPC transport or launch with kernel manager-provisioned CurveZMQ keys to enable transport encryption.
[IPKernelApp] WARNING | Kernel is running over TCP without encryption. All communication (including code and outputs) is sent in plain text and is susceptible to eavesdropping. Use IPC transport or launch with kernel manager-provisioned CurveZMQ keys to enable transport encryption.
[IPKernelApp] WARNING | Kernel is running over TCP without encryption. All communication (including code and outputs) is sent in plain text and is susceptible to eavesdropping. Use IPC transport or launch with kernel manager-provisioned CurveZMQ keys to enable transport encryption.
[IPKernelApp] WARNING | Kernel is running over TCP without encryption. All communication (including code and outputs) is sent in plain text and is susceptible to eavesdropping. Use IPC transport or launch with kernel manager-provisioned CurveZMQ keys to enable transport encryption.
[IPKernelApp] WARNING | Kernel is running over TCP without encryption. All communication (including code and outputs) is sent in plain text and is susceptible to eavesdropping. Use IPC transport or launch with kernel manager-provisioned CurveZMQ keys to enable transport encryption.
[IPKernelApp] WARNING | Kernel is running over TCP without encryption. All communication (including code and outputs) is sent in plain text and is susceptible to eavesdropping. Use IPC transport or launch with kernel manager-provisioned CurveZMQ keys to enable transport encryption.
[IPKernelApp] WARNING | Kernel is running over TCP without encryption. All communication (including code and outputs) is sent in plain text and is susceptible to eavesdropping. Use IPC transport or launch with kernel manager-provisioned CurveZMQ keys to enable transport encryption.
[IPKernelApp] WARNING | Kernel is running over TCP without encryption. All communication (including code and outputs) is sent in plain text and is susceptible to eavesdropping. Use IPC transport or launch with kernel manager-provisioned CurveZMQ keys to enable transport encryption.
[IPKernelApp] WARNING | Kernel is running over TCP without encryption. All communication (including code and outputs) is sent in plain text and is susceptible to eavesdropping. Use IPC transport or launch with kernel manager-provisioned CurveZMQ keys to enable transport encryption.
[IPKernelApp] WARNING | Kernel is running over TCP without encryption. All communication (including code and outputs) is sent in plain text and is susceptible to eavesdropping. Use IPC transport or launch with kernel manager-provisioned CurveZMQ keys to enable transport encryption.
[IPKernelApp] WARNING | Kernel is running over TCP without encryption. All communication (including code and outputs) is sent in plain text and is susceptible to eavesdropping. Use IPC transport or launch with kernel manager-provisioned CurveZMQ keys to enable transport encryption.
[IPKernelApp] WARNING | Kernel is running over TCP without encryption. All communication (including code and outputs) is sent in plain text and is susceptible to eavesdropping. Use IPC transport or launch with kernel manager-provisioned CurveZMQ keys to enable transport encryption.
[IPKernelApp] WARNING | Kernel is running over TCP without encryption. All communication (including code and outputs) is sent in plain text and is susceptible to eavesdropping. Use IPC transport or launch with kernel manager-provisioned CurveZMQ keys to enable transport encryption.
[IPKernelApp] WARNING | Kernel is running over TCP without encryption. All communication (including code and outputs) is sent in plain text and is susceptible to eavesdropping. Use IPC transport or launch with kernel manager-provisioned CurveZMQ keys to enable transport encryption.
[IPKernelApp] WARNING | Kernel is running over TCP without encryption. All communication (including code and outputs) is sent in plain text and is susceptible to eavesdropping. Use IPC transport or launch with kernel manager-provisioned CurveZMQ keys to enable transport encryption.
[IPKernelApp] WARNING | Kernel is running over TCP without encryption. All communication (including code and outputs) is sent in plain text and is susceptible to eavesdropping. Use IPC transport or launch with kernel manager-provisioned CurveZMQ keys to enable transport encryption.
[IPKernelApp] WARNING | Kernel is running over TCP without encryption. All communication (including code and outputs) is sent in plain text and is susceptible to eavesdropping. Use IPC transport or launch with kernel manager-provisioned CurveZMQ keys to enable transport encryption.
[IPKernelApp] WARNING | Kernel is running over TCP without encryption. All communication (including code and outputs) is sent in plain text and is susceptible to eavesdropping. Use IPC transport or launch with kernel manager-provisioned CurveZMQ keys to enable transport encryption.
[IPKernelApp] WARNING | Kernel is running over TCP without encryption. All communication (including code and outputs) is sent in plain text and is susceptible to eavesdropping. Use IPC transport or launch with kernel manager-provisioned CurveZMQ keys to enable transport encryption.
[IPKernelApp] WARNING | Kernel is running over TCP without encryption. All communication (including code and outputs) is sent in plain text and is susceptible to eavesdropping. Use IPC transport or launch with kernel manager-provisioned CurveZMQ keys to enable transport encryption.
[IPKernelApp] WARNING | Kernel is running over TCP without encryption. All communication (including code and outputs) is sent in plain text and is susceptible to eavesdropping. Use IPC transport or launch with kernel manager-provisioned CurveZMQ keys to enable transport encryption.
[IPKernelApp] WARNING | Kernel is running over TCP without encryption. All communication (including code and outputs) is sent in plain text and is susceptible to eavesdropping. Use IPC transport or launch with kernel manager-provisioned CurveZMQ keys to enable transport encryption.
[IPKernelApp] WARNING | Kernel is running over TCP without encryption. All communication (including code and outputs) is sent in plain text and is susceptible to eavesdropping. Use IPC transport or launch with kernel manager-provisioned CurveZMQ keys to enable transport encryption.
[IPKernelApp] WARNING | Kernel is running over TCP without encryption. All communication (including code and outputs) is sent in plain text and is susceptible to eavesdropping. Use IPC transport or launch with kernel manager-provisioned CurveZMQ keys to enable transport encryption.
[IPKernelApp] WARNING | Kernel is running over TCP without encryption. All communication (including code and outputs) is sent in plain text and is susceptible to eavesdropping. Use IPC transport or launch with kernel manager-provisioned CurveZMQ keys to enable transport encryption.
[IPKernelApp] WARNING | Kernel is running over TCP without encryption. All communication (including code and outputs) is sent in plain text and is susceptible to eavesdropping. Use IPC transport or launch with kernel manager-provisioned CurveZMQ keys to enable transport encryption.
[IPKernelApp] WARNING | Kernel is running over TCP without encryption. All communication (including code and outputs) is sent in plain text and is susceptible to eavesdropping. Use IPC transport or launch with kernel manager-provisioned CurveZMQ keys to enable transport encryption.
[IPKernelApp] WARNING | Kernel is running over TCP without encryption. All communication (including code and outputs) is sent in plain text and is susceptible to eavesdropping. Use IPC transport or launch with kernel manager-provisioned CurveZMQ keys to enable transport encryption.
[IPKernelApp] WARNING | Kernel is running over TCP without encryption. All communication (including code and outputs) is sent in plain text and is susceptible to eavesdropping. Use IPC transport or launch with kernel manager-provisioned CurveZMQ keys to enable transport encryption.
[IPKernelApp] WARNING | Kernel is running over TCP without encryption. All communication (including code and outputs) is sent in plain text and is susceptible to eavesdropping. Use IPC transport or launch with kernel manager-provisioned CurveZMQ keys to enable transport encryption.
[IPKernelApp] WARNING | Kernel is running over TCP without encryption. All communication (including code and outputs) is sent in plain text and is susceptible to eavesdropping. Use IPC transport or launch with kernel manager-provisioned CurveZMQ keys to enable transport encryption.
[IPKernelApp] WARNING | Kernel is running over TCP without encryption. All communication (including code and outputs) is sent in plain text and is susceptible to eavesdropping. Use IPC transport or launch with kernel manager-provisioned CurveZMQ keys to enable transport encryption.
[IPKernelApp] WARNING | Kernel is running over TCP without encryption. All communication (including code and outputs) is sent in plain text and is susceptible to eavesdropping. Use IPC transport or launch with kernel manager-provisioned CurveZMQ keys to enable transport encryption.
[IPKernelApp] WARNING | Kernel is running over TCP without encryption. All communication (including code and outputs) is sent in plain text and is susceptible to eavesdropping. Use IPC transport or launch with kernel manager-provisioned CurveZMQ keys to enable transport encryption.
[IPKernelApp] WARNING | Kernel is running over TCP without encryption. All communication (including code and outputs) is sent in plain text and is susceptible to eavesdropping. Use IPC transport or launch with kernel manager-provisioned CurveZMQ keys to enable transport encryption.
[IPKernelApp] WARNING | Kernel is running over TCP without encryption. All communication (including code and outputs) is sent in plain text and is susceptible to eavesdropping. Use IPC transport or launch with kernel manager-provisioned CurveZMQ keys to enable transport encryption.
[IPKernelApp] WARNING | Kernel is running over TCP without encryption. All communication (including code and outputs) is sent in plain text and is susceptible to eavesdropping. Use IPC transport or launch with kernel manager-provisioned CurveZMQ keys to enable transport encryption.
[IPKernelApp] WARNING | Kernel is running over TCP without encryption. All communication (including code and outputs) is sent in plain text and is susceptible to eavesdropping. Use IPC transport or launch with kernel manager-provisioned CurveZMQ keys to enable transport encryption.
[IPKernelApp] WARNING | Kernel is running over TCP without encryption. All communication (including code and outputs) is sent in plain text and is susceptible to eavesdropping. Use IPC transport or launch with kernel manager-provisioned CurveZMQ keys to enable transport encryption.
[IPKernelApp] WARNING | Kernel is running over TCP without encryption. All communication (including code and outputs) is sent in plain text and is susceptible to eavesdropping. Use IPC transport or launch with kernel manager-provisioned CurveZMQ keys to enable transport encryption.
[IPKernelApp] WARNING | Kernel is running over TCP without encryption. All communication (including code and outputs) is sent in plain text and is susceptible to eavesdropping. Use IPC transport or launch with kernel manager-provisioned CurveZMQ keys to enable transport encryption.
[IPKernelApp] WARNING | Kernel is running over TCP without encryption. All communication (including code and outputs) is sent in plain text and is susceptible to eavesdropping. Use IPC transport or launch with kernel manager-provisioned CurveZMQ keys to enable transport encryption.
[IPKernelApp] WARNING | Kernel is running over TCP without encryption. All communication (including code and outputs) is sent in plain text and is susceptible to eavesdropping. Use IPC transport or launch with kernel manager-provisioned CurveZMQ keys to enable transport encryption.
[IPKernelApp] WARNING | Kernel is running over TCP without encryption. All communication (including code and outputs) is sent in plain text and is susceptible to eavesdropping. Use IPC transport or launch with kernel manager-provisioned CurveZMQ keys to enable transport encryption.
[IPKernelApp] WARNING | Kernel is running over TCP without encryption. All communication (including code and outputs) is sent in plain text and is susceptible to eavesdropping. Use IPC transport or launch with kernel manager-provisioned CurveZMQ keys to enable transport encryption.
[IPKernelApp] WARNING | Kernel is running over TCP without encryption. All communication (including code and outputs) is sent in plain text and is susceptible to eavesdropping. Use IPC transport or launch with kernel manager-provisioned CurveZMQ keys to enable transport encryption.
[IPKernelApp] WARNING | Kernel is running over TCP without encryption. All communication (including code and outputs) is sent in plain text and is susceptible to eavesdropping. Use IPC transport or launch with kernel manager-provisioned CurveZMQ keys to enable transport encryption.
[IPKernelApp] WARNING | Kernel is running over TCP without encryption. All communication (including code and outputs) is sent in plain text and is susceptible to eavesdropping. Use IPC transport or launch with kernel manager-provisioned CurveZMQ keys to enable transport encryption.
[IPKernelApp] WARNING | Kernel is running over TCP without encryption. All communication (including code and outputs) is sent in plain text and is susceptible to eavesdropping. Use IPC transport or launch with kernel manager-provisioned CurveZMQ keys to enable transport encryption.
[IPKernelApp] WARNING | Kernel is running over TCP without encryption. All communication (including code and outputs) is sent in plain text and is susceptible to eavesdropping. Use IPC transport or launch with kernel manager-provisioned CurveZMQ keys to enable transport encryption.
[IPKernelApp] WARNING | Kernel is running over TCP without encryption. All communication (including code and outputs) is sent in plain text and is susceptible to eavesdropping. Use IPC transport or launch with kernel manager-provisioned CurveZMQ keys to enable transport encryption.
[IPKernelApp] WARNING | Kernel is running over TCP without encryption. All communication (including code and outputs) is sent in plain text and is susceptible to eavesdropping. Use IPC transport or launch with kernel manager-provisioned CurveZMQ keys to enable transport encryption.
[IPKernelApp] WARNING | Kernel is running over TCP without encryption. All communication (including code and outputs) is sent in plain text and is susceptible to eavesdropping. Use IPC transport or launch with kernel manager-provisioned CurveZMQ keys to enable transport encryption.
[IPKernelApp] WARNING | Kernel is running over TCP without encryption. All communication (including code and outputs) is sent in plain text and is susceptible to eavesdropping. Use IPC transport or launch with kernel manager-provisioned CurveZMQ keys to enable transport encryption.
[IPKernelApp] WARNING | Kernel is running over TCP without encryption. All communication (including code and outputs) is sent in plain text and is susceptible to eavesdropping. Use IPC transport or launch with kernel manager-provisioned CurveZMQ keys to enable transport encryption.
[IPKernelApp] WARNING | Kernel is running over TCP without encryption. All communication (including code and outputs) is sent in plain text and is susceptible to eavesdropping. Use IPC transport or launch with kernel manager-provisioned CurveZMQ keys to enable transport encryption.
[IPKernelApp] WARNING | Kernel is running over TCP without encryption. All communication (including code and outputs) is sent in plain text and is susceptible to eavesdropping. Use IPC transport or launch with kernel manager-provisioned CurveZMQ keys to enable transport encryption.
[IPKernelApp] WARNING | Kernel is running over TCP without encryption. All communication (including code and outputs) is sent in plain text and is susceptible to eavesdropping. Use IPC transport or launch with kernel manager-provisioned CurveZMQ keys to enable transport encryption.
[IPKernelApp] WARNING | Kernel is running over TCP without encryption. All communication (including code and outputs) is sent in plain text and is susceptible to eavesdropping. Use IPC transport or launch with kernel manager-provisioned CurveZMQ keys to enable transport encryption.
[IPKernelApp] WARNING | Kernel is running over TCP without encryption. All communication (including code and outputs) is sent in plain text and is susceptible to eavesdropping. Use IPC transport or launch with kernel manager-provisioned CurveZMQ keys to enable transport encryption.
[IPKernelApp] WARNING | Kernel is running over TCP without encryption. All communication (including code and outputs) is sent in plain text and is susceptible to eavesdropping. Use IPC transport or launch with kernel manager-provisioned CurveZMQ keys to enable transport encryption.
[IPKernelApp] WARNING | Kernel is running over TCP without encryption. All communication (including code and outputs) is sent in plain text and is susceptible to eavesdropping. Use IPC transport or launch with kernel manager-provisioned CurveZMQ keys to enable transport encryption.
[IPKernelApp] WARNING | Kernel is running over TCP without encryption. All communication (including code and outputs) is sent in plain text and is susceptible to eavesdropping. Use IPC transport or launch with kernel manager-provisioned CurveZMQ keys to enable transport encryption.
[IPKernelApp] WARNING | Kernel is running over TCP without encryption. All communication (including code and outputs) is sent in plain text and is susceptible to eavesdropping. Use IPC transport or launch with kernel manager-provisioned CurveZMQ keys to enable transport encryption.
[IPKernelApp] WARNING | Kernel is running over TCP without encryption. All communication (including code and outputs) is sent in plain text and is susceptible to eavesdropping. Use IPC transport or launch with kernel manager-provisioned CurveZMQ keys to enable transport encryption.
[IPKernelApp] WARNING | Kernel is running over TCP without encryption. All communication (including code and outputs) is sent in plain text and is susceptible to eavesdropping. Use IPC transport or launch with kernel manager-provisioned CurveZMQ keys to enable transport encryption.
[IPKernelApp] WARNING | Kernel is running over TCP without encryption. All communication (including code and outputs) is sent in plain text and is susceptible to eavesdropping. Use IPC transport or launch with kernel manager-provisioned CurveZMQ keys to enable transport encryption.
[IPKernelApp] WARNING | Kernel is running over TCP without encryption. All communication (including code and outputs) is sent in plain text and is susceptible to eavesdropping. Use IPC transport or launch with kernel manager-provisioned CurveZMQ keys to enable transport encryption.
[IPKernelApp] WARNING | Kernel is running over TCP without encryption. All communication (including code and outputs) is sent in plain text and is susceptible to eavesdropping. Use IPC transport or launch with kernel manager-provisioned CurveZMQ keys to enable transport encryption.
[IPKernelApp] WARNING | Kernel is running over TCP without encryption. All communication (including code and outputs) is sent in plain text and is susceptible to eavesdropping. Use IPC transport or launch with kernel manager-provisioned CurveZMQ keys to enable transport encryption.
[IPKernelApp] WARNING | Kernel is running over TCP without encryption. All communication (including code and outputs) is sent in plain text and is susceptible to eavesdropping. Use IPC transport or launch with kernel manager-provisioned CurveZMQ keys to enable transport encryption.
[IPKernelApp] WARNING | Kernel is running over TCP without encryption. All communication (including code and outputs) is sent in plain text and is susceptible to eavesdropping. Use IPC transport or launch with kernel manager-provisioned CurveZMQ keys to enable transport encryption.
[IPKernelApp] WARNING | Kernel is running over TCP without encryption. All communication (including code and outputs) is sent in plain text and is susceptible to eavesdropping. Use IPC transport or launch with kernel manager-provisioned CurveZMQ keys to enable transport encryption.
[IPKernelApp] WARNING | Kernel is running over TCP without encryption. All communication (including code and outputs) is sent in plain text and is susceptible to eavesdropping. Use IPC transport or launch with kernel manager-provisioned CurveZMQ keys to enable transport encryption.
[IPKernelApp] WARNING | Kernel is running over TCP without encryption. All communication (including code and outputs) is sent in plain text and is susceptible to eavesdropping. Use IPC transport or launch with kernel manager-provisioned CurveZMQ keys to enable transport encryption.
[IPKernelApp] WARNING | Kernel is running over TCP without encryption. All communication (including code and outputs) is sent in plain text and is susceptible to eavesdropping. Use IPC transport or launch with kernel manager-provisioned CurveZMQ keys to enable transport encryption.
[IPKernelApp] WARNING | Kernel is running over TCP without encryption. All communication (including code and outputs) is sent in plain text and is susceptible to eavesdropping. Use IPC transport or launch with kernel manager-provisioned CurveZMQ keys to enable transport encryption.
[IPKernelApp] WARNING | Kernel is running over TCP without encryption. All communication (including code and outputs) is sent in plain text and is susceptible to eavesdropping. Use IPC transport or launch with kernel manager-provisioned CurveZMQ keys to enable transport encryption.
[IPKernelApp] WARNING | Kernel is running over TCP without encryption. All communication (including code and outputs) is sent in plain text and is susceptible to eavesdropping. Use IPC transport or launch with kernel manager-provisioned CurveZMQ keys to enable transport encryption.
[IPKernelApp] WARNING | Kernel is running over TCP without encryption. All communication (including code and outputs) is sent in plain text and is susceptible to eavesdropping. Use IPC transport or launch with kernel manager-provisioned CurveZMQ keys to enable transport encryption.
[IPKernelApp] WARNING | Kernel is running over TCP without encryption. All communication (including code and outputs) is sent in plain text and is susceptible to eavesdropping. Use IPC transport or launch with kernel manager-provisioned CurveZMQ keys to enable transport encryption.
[IPKernelApp] WARNING | Kernel is running over TCP without encryption. All communication (including code and outputs) is sent in plain text and is susceptible to eavesdropping. Use IPC transport or launch with kernel manager-provisioned CurveZMQ keys to enable transport encryption.
[IPKernelApp] WARNING | Kernel is running over TCP without encryption. All communication (including code and outputs) is sent in plain text and is susceptible to eavesdropping. Use IPC transport or launch with kernel manager-provisioned CurveZMQ keys to enable transport encryption.
[IPKernelApp] WARNING | Kernel is running over TCP without encryption. All communication (including code and outputs) is sent in plain text and is susceptible to eavesdropping. Use IPC transport or launch with kernel manager-provisioned CurveZMQ keys to enable transport encryption.
[IPKernelApp] WARNING | Kernel is running over TCP without encryption. All communication (including code and outputs) is sent in plain text and is susceptible to eavesdropping. Use IPC transport or launch with kernel manager-provisioned CurveZMQ keys to enable transport encryption.
[IPKernelApp] WARNING | Kernel is running over TCP without encryption. All communication (including code and outputs) is sent in plain text and is susceptible to eavesdropping. Use IPC transport or launch with kernel manager-provisioned CurveZMQ keys to enable transport encryption.
[IPKernelApp] WARNING | Kernel is running over TCP without encryption. All communication (including code and outputs) is sent in plain text and is susceptible to eavesdropping. Use IPC transport or launch with kernel manager-provisioned CurveZMQ keys to enable transport encryption.
[IPKernelApp] WARNING | Kernel is running over TCP without encryption. All communication (including code and outputs) is sent in plain text and is susceptible to eavesdropping. Use IPC transport or launch with kernel manager-provisioned CurveZMQ keys to enable transport encryption.
[IPKernelApp] WARNING | Kernel is running over TCP without encryption. All communication (including code and outputs) is sent in plain text and is susceptible to eavesdropping. Use IPC transport or launch with kernel manager-provisioned CurveZMQ keys to enable transport encryption.
[IPKernelApp] WARNING | Kernel is running over TCP without encryption. All communication (including code and outputs) is sent in plain text and is susceptible to eavesdropping. Use IPC transport or launch with kernel manager-provisioned CurveZMQ keys to enable transport encryption.
[IPKernelApp] WARNING | Kernel is running over TCP without encryption. All communication (including code and outputs) is sent in plain text and is susceptible to eavesdropping. Use IPC transport or launch with kernel manager-provisioned CurveZMQ keys to enable transport encryption.
[IPKernelApp] WARNING | Kernel is running over TCP without encryption. All communication (including code and outputs) is sent in plain text and is susceptible to eavesdropping. Use IPC transport or launch with kernel manager-provisioned CurveZMQ keys to enable transport encryption.
[IPKernelApp] WARNING | Kernel is running over TCP without encryption. All communication (including code and outputs) is sent in plain text and is susceptible to eavesdropping. Use IPC transport or launch with kernel manager-provisioned CurveZMQ keys to enable transport encryption.
[IPKernelApp] WARNING | Kernel is running over TCP without encryption. All communication (including code and outputs) is sent in plain text and is susceptible to eavesdropping. Use IPC transport or launch with kernel manager-provisioned CurveZMQ keys to enable transport encryption.
[IPKernelApp] WARNING | Kernel is running over TCP without encryption. All communication (including code and outputs) is sent in plain text and is susceptible to eavesdropping. Use IPC transport or launch with kernel manager-provisioned CurveZMQ keys to enable transport encryption.
[IPKernelApp] WARNING | Kernel is running over TCP without encryption. All communication (including code and outputs) is sent in plain text and is susceptible to eavesdropping. Use IPC transport or launch with kernel manager-provisioned CurveZMQ keys to enable transport encryption.
[IPKernelApp] WARNING | Kernel is running over TCP without encryption. All communication (including code and outputs) is sent in plain text and is susceptible to eavesdropping. Use IPC transport or launch with kernel manager-provisioned CurveZMQ keys to enable transport encryption.
[IPKernelApp] WARNING | Kernel is running over TCP without encryption. All communication (including code and outputs) is sent in plain text and is susceptible to eavesdropping. Use IPC transport or launch with kernel manager-provisioned CurveZMQ keys to enable transport encryption.
[IPKernelApp] WARNING | Kernel is running over TCP without encryption. All communication (including code and outputs) is sent in plain text and is susceptible to eavesdropping. Use IPC transport or launch with kernel manager-provisioned CurveZMQ keys to enable transport encryption.
[IPKernelApp] WARNING | Kernel is running over TCP without encryption. All communication (including code and outputs) is sent in plain text and is susceptible to eavesdropping. Use IPC transport or launch with kernel manager-provisioned CurveZMQ keys to enable transport encryption.
[IPKernelApp] WARNING | Kernel is running over TCP without encryption. All communication (including code and outputs) is sent in plain text and is susceptible to eavesdropping. Use IPC transport or launch with kernel manager-provisioned CurveZMQ keys to enable transport encryption.
[IPKernelApp] WARNING | Kernel is running over TCP without encryption. All communication (including code and outputs) is sent in plain text and is susceptible to eavesdropping. Use IPC transport or launch with kernel manager-provisioned CurveZMQ keys to enable transport encryption.
[IPKernelApp] WARNING | Kernel is running over TCP without encryption. All communication (including code and outputs) is sent in plain text and is susceptible to eavesdropping. Use IPC transport or launch with kernel manager-provisioned CurveZMQ keys to enable transport encryption.
[IPKernelApp] WARNING | Kernel is running over TCP without encryption. All communication (including code and outputs) is sent in plain text and is susceptible to eavesdropping. Use IPC transport or launch with kernel manager-provisioned CurveZMQ keys to enable transport encryption.
[IPKernelApp] WARNING | Kernel is running over TCP without encryption. All communication (including code and outputs) is sent in plain text and is susceptible to eavesdropping. Use IPC transport or launch with kernel manager-provisioned CurveZMQ keys to enable transport encryption.
[IPKernelApp] WARNING | Kernel is running over TCP without encryption. All communication (including code and outputs) is sent in plain text and is susceptible to eavesdropping. Use IPC transport or launch with kernel manager-provisioned CurveZMQ keys to enable transport encryption.
[IPKernelApp] WARNING | Kernel is running over TCP without encryption. All communication (including code and outputs) is sent in plain text and is susceptible to eavesdropping. Use IPC transport or launch with kernel manager-provisioned CurveZMQ keys to enable transport encryption.
[IPKernelApp] WARNING | Kernel is running over TCP without encryption. All communication (including code and outputs) is sent in plain text and is susceptible to eavesdropping. Use IPC transport or launch with kernel manager-provisioned CurveZMQ keys to enable transport encryption.
[IPKernelApp] WARNING | Kernel is running over TCP without encryption. All communication (including code and outputs) is sent in plain text and is susceptible to eavesdropping. Use IPC transport or launch with kernel manager-provisioned CurveZMQ keys to enable transport encryption.
[IPKernelApp] WARNING | Kernel is running over TCP without encryption. All communication (including code and outputs) is sent in plain text and is susceptible to eavesdropping. Use IPC transport or launch with kernel manager-provisioned CurveZMQ keys to enable transport encryption.
[IPKernelApp] WARNING | Kernel is running over TCP without encryption. All communication (including code and outputs) is sent in plain text and is susceptible to eavesdropping. Use IPC transport or launch with kernel manager-provisioned CurveZMQ keys to enable transport encryption.
[IPKernelApp] WARNING | Kernel is running over TCP without encryption. All communication (including code and outputs) is sent in plain text and is susceptible to eavesdropping. Use IPC transport or launch with kernel manager-provisioned CurveZMQ keys to enable transport encryption.
[IPKernelApp] WARNING | Kernel is running over TCP without encryption. All communication (including code and outputs) is sent in plain text and is susceptible to eavesdropping. Use IPC transport or launch with kernel manager-provisioned CurveZMQ keys to enable transport encryption.
[IPKernelApp] WARNING | Kernel is running over TCP without encryption. All communication (including code and outputs) is sent in plain text and is susceptible to eavesdropping. Use IPC transport or launch with kernel manager-provisioned CurveZMQ keys to enable transport encryption.
[IPKernelApp] WARNING | Kernel is running over TCP without encryption. All communication (including code and outputs) is sent in plain text and is susceptible to eavesdropping. Use IPC transport or launch with kernel manager-provisioned CurveZMQ keys to enable transport encryption.
[IPKernelApp] WARNING | Kernel is running over TCP without encryption. All communication (including code and outputs) is sent in plain text and is susceptible to eavesdropping. Use IPC transport or launch with kernel manager-provisioned CurveZMQ keys to enable transport encryption.
[IPKernelApp] WARNING | Kernel is running over TCP without encryption. All communication (including code and outputs) is sent in plain text and is susceptible to eavesdropping. Use IPC transport or launch with kernel manager-provisioned CurveZMQ keys to enable transport encryption.
[IPKernelApp] WARNING | Kernel is running over TCP without encryption. All communication (including code and outputs) is sent in plain text and is susceptible to eavesdropping. Use IPC transport or launch with kernel manager-provisioned CurveZMQ keys to enable transport encryption.
[IPKernelApp] WARNING | Kernel is running over TCP without encryption. All communication (including code and outputs) is sent in plain text and is susceptible to eavesdropping. Use IPC transport or launch with kernel manager-provisioned CurveZMQ keys to enable transport encryption.
[IPKernelApp] WARNING | Kernel is running over TCP without encryption. All communication (including code and outputs) is sent in plain text and is susceptible to eavesdropping. Use IPC transport or launch with kernel manager-provisioned CurveZMQ keys to enable transport encryption.
OK  chap02_review.ipynb | Question 10 (medium): wrong calls | correct-call/example | sol=None | 'import math\nprint(math.pow(5, 2))'
OK  chap02_review.ipynb | Question 10 (medium): wrong calls | correct-call/example | sol=None | 'import math\nprint(math.pow(2, 0.5))'
OK  chap02_review.ipynb | Question 11 (medium): write code | write-code example | sol=0 | 'hours = 1\nminutes = 2\nseconds = 3'
OK  chap02_review.ipynb | Question 11 (medium): write code | write-code example | sol=1 | 'hours = 1\nminutes = 2\nseconds = 3'
OK  chap02_review.ipynb | Question 11 (medium): write code | write-code example | sol=0 | 'hours = 0\nminutes = 42\nseconds = 42'
OK  chap02_review.ipynb | Question 11 (medium): write code | write-code example | sol=1 | 'hours = 0\nminutes = 42\nseconds = 42'
OK  chap02_review.ipynb | Question 12 (medium): write code with comments | write-code example | sol=0 | 'km = 10'
OK  chap02_review.ipynb | Question 12 (medium): write code with comments | write-code example | sol=1 | 'km = 10'
OK  chap02_review.ipynb | Question 12 (medium): write code with comments | write-code example | sol=0 | 'km = 42.195'
OK  chap02_review.ipynb | Question 12 (medium): write code with comments | write-code example | sol=1 | 'km = 42.195'
OK  chap02_review.ipynb | Question 16 (hard): write code | write-code example | sol=0 | "price = '19.99'\nquantity = '3'"
OK  chap02_review.ipynb | Question 16 (hard): write code | write-code example | sol=0 | "price = '2.5'\nquantity = '4'"
OK  chap02_review.ipynb | Question 17 (hard): write code | write-code example | sol=0 | 'total = 3725'
OK  chap02_review.ipynb | Question 17 (hard): write code | write-code example | sol=1 | 'total = 3725'
OK  chap02_review.ipynb | Question 17 (hard): write code | write-code example | sol=0 | 'total = 7384'
OK  chap02_review.ipynb | Question 17 (hard): write code | write-code example | sol=1 | 'total = 7384'
OK  chap03_review.ipynb | Question 5 (easy): write a function | write-code example | sol=0 | "underline('Hello')"
OK  chap03_review.ipynb | Question 5 (easy): write a function | write-code example | sol=0 | "underline('Python 3')"
OK  chap03_review.ipynb | Question 10 (medium): local variables and wrong calls | correct-call/example | sol=None | 'add_and_show(2, 3)'
OK  chap03_review.ipynb | Question 10 (medium): local variables and wrong calls | correct-call/example | sol=None | 'add_and_show(10, -4)'
OK  chap03_review.ipynb | Question 11 (medium): write a function | write-code example | sol=0 | "print_right('Monty', 10)\nprint_right('Python', 10)"
OK  chap03_review.ipynb | Question 11 (medium): write a function | write-code example | sol=1 | "print_right('Monty', 10)\nprint_right('Python', 10)"
OK  chap03_review.ipynb | Question 11 (medium): write a function | write-code example | sol=0 | "print_right('abc', 3)\nprint_right('abc', 4)"
OK  chap03_review.ipynb | Question 11 (medium): write a function | write-code example | sol=1 | "print_right('abc', 3)\nprint_right('abc', 4)"
OK  chap03_review.ipynb | Question 12 (medium): refactor into a function | write-code example | sol=0 | "verse('cow', 'moo')"
OK  chap03_review.ipynb | Question 12 (medium): refactor into a function | write-code example | sol=1 | "verse('cow', 'moo')"
OK  chap03_review.ipynb | Question 12 (medium): refactor into a function | write-code example | sol=0 | "verse('pig', 'oink')"
OK  chap03_review.ipynb | Question 12 (medium): refactor into a function | write-code example | sol=1 | "verse('pig', 'oink')"
OK  chap03_review.ipynb | Question 14 (hard): tracebacks | correct-call/example | sol=None | 'outer(5)'
OK  chap03_review.ipynb | Question 14 (hard): tracebacks | correct-call/example | sol=None | 'outer(2.5)'
OK  chap03_review.ipynb | Question 15 (hard): write a function | write-code example | sol=0 | "pyramid('*', 3)"
OK  chap03_review.ipynb | Question 15 (hard): write a function | write-code example | sol=1 | "pyramid('*', 3)"
OK  chap03_review.ipynb | Question 15 (hard): write a function | write-code example | sol=0 | "pyramid('#', 5)"
OK  chap03_review.ipynb | Question 15 (hard): write a function | write-code example | sol=1 | "pyramid('#', 5)"
OK  chap03_review.ipynb | Question 16 (hard): write two functions | write-code example | sol=0 | 'print_border(3)'
OK  chap03_review.ipynb | Question 16 (hard): write two functions | write-code example | sol=1 | 'print_border(3)'
OK  chap03_review.ipynb | Question 16 (hard): write two functions | write-code example | sol=0 | 'print_grid(2)'
OK  chap03_review.ipynb | Question 16 (hard): write two functions | write-code example | sol=1 | 'print_grid(2)'
OK  chap03_review.ipynb | Question 16 (hard): write two functions | write-code example | sol=0 | 'print_grid(3)'
OK  chap03_review.ipynb | Question 16 (hard): write two functions | write-code example | sol=1 | 'print_grid(3)'
OK  chap04_review.ipynb | Question 3 (easy): write a function | write-code example | sol=0 | 'make_turtle()\ntriangle(80)'
OK  chap04_review.ipynb | Question 3 (easy): write a function | write-code example | sol=1 | 'make_turtle()\ntriangle(80)'
OK  chap04_review.ipynb | Question 3 (easy): write a function | write-code example | sol=0 | 'make_turtle()\ntriangle(30)'
OK  chap04_review.ipynb | Question 3 (easy): write a function | write-code example | sol=1 | 'make_turtle()\ntriangle(30)'
OK  chap04_review.ipynb | Question 10 (medium): write a function | write-code example | sol=0 | 'make_turtle()\nstar(100)'
OK  chap04_review.ipynb | Question 10 (medium): write a function | write-code example | sol=1 | 'make_turtle()\nstar(100)'
OK  chap04_review.ipynb | Question 10 (medium): write a function | write-code example | sol=0 | 'make_turtle()\nstar(50)'
OK  chap04_review.ipynb | Question 10 (medium): write a function | write-code example | sol=1 | 'make_turtle()\nstar(50)'
OK  chap04_review.ipynb | Question 11 (medium): write a function | write-code example | sol=0 | 'make_turtle(width=400)\njump(-150)\nrow_of_squares(5'
OK  chap04_review.ipynb | Question 11 (medium): write a function | write-code example | sol=0 | 'make_turtle()\njump(-120)\nrow_of_squares(3, 60)'
OK  chap04_review.ipynb | Question 12 (medium): write a function with a docstring | write-code example | sol=0 | 'make_turtle()\nstaircase(4, 15)'
OK  chap04_review.ipynb | Question 12 (medium): write a function with a docstring | write-code example | sol=0 | 'make_turtle()\nstaircase(2, 30)'
OK  chap04_review.ipynb | Question 12 (medium): write a function with a docstring | write-code example (help) | sol=0 | 'help(staircase)'
OK  chap04_review.ipynb | Question 14 (hard): preconditions | correct-call/example | sol=None | 'make_turtle()\npolygon(4, 40)'
OK  chap04_review.ipynb | Question 14 (hard): preconditions | correct-call/example | sol=None | 'make_turtle()\npolygon(n=6, length=25)'
OK  chap04_review.ipynb | Question 15 (hard): keyword arguments | correct-call/example | sol=None | "describe('hexagon', 6)"
OK  chap04_review.ipynb | Question 15 (hard): keyword arguments | correct-call/example | sol=None | "describe(sides=5, shape='pentagon')"
OK  chap04_review.ipynb | Question 16 (hard): write a function | write-code example | sol=0 | 'make_turtle(delay=0)\nspiral(40, 2, 30, 1)'
OK  chap04_review.ipynb | Question 16 (hard): write a function | write-code example | sol=1 | 'make_turtle(delay=0)\nspiral(40, 2, 30, 1)'
OK  chap04_review.ipynb | Question 16 (hard): write a function | write-code example | sol=0 | 'make_turtle(delay=0)\nspiral(20, 5, 90, 5)'
OK  chap04_review.ipynb | Question 16 (hard): write a function | write-code example | sol=1 | 'make_turtle(delay=0)\nspiral(20, 5, 90, 5)'
OK  chap04_review.ipynb | Question 17 (hard): write a function | write-code example | sol=0 | 'make_turtle(height=220, delay=0)\njump(-75)\ngrid(3,'
OK  chap04_review.ipynb | Question 17 (hard): write a function | write-code example | sol=1 | 'make_turtle(height=220, delay=0)\njump(-75)\ngrid(3,'
OK  chap04_review.ipynb | Question 17 (hard): write a function | write-code example | sol=0 | 'make_turtle(delay=0)\njump(-60)\ngrid(2, 4, 30)'
OK  chap04_review.ipynb | Question 17 (hard): write a function | write-code example | sol=1 | 'make_turtle(delay=0)\njump(-60)\ngrid(2, 4, 30)'
OK  chap04_review.ipynb | Question 18 (hard): refactor | write-code example | sol=0 | 'make_turtle(delay=0)\njump(-80)\ntriangle_row(4, 40)'
OK  chap04_review.ipynb | Question 18 (hard): refactor | write-code example | sol=0 | 'make_turtle(delay=0)\njump(-60)\nsquare_row(3, 40)'
OK  chap04_review.ipynb | Question 19 (hard): generalize a function | write-code example | sol=0 | 'make_turtle(delay=0)\narc_n(30, 180, 3)'
OK  chap04_review.ipynb | Question 19 (hard): generalize a function | write-code example | sol=0 | 'make_turtle(delay=0)\narc_n(30, 180, 30)'
OK  chap04_review.ipynb | Question 19 (hard): generalize a function | write-code example | sol=0 | 'make_turtle(delay=0)\ncircle(30)'
OK  chap05_review.ipynb | Question 4 (easy): write a function | write-code example | sol=0 | 'sign(12)\nsign(-0.5)'
OK  chap05_review.ipynb | Question 4 (easy): write a function | write-code example | sol=1 | 'sign(12)\nsign(-0.5)'
OK  chap05_review.ipynb | Question 4 (easy): write a function | write-code example | sol=0 | 'sign(0)'
OK  chap05_review.ipynb | Question 4 (easy): write a function | write-code example | sol=1 | 'sign(0)'
OK  chap05_review.ipynb | Question 9 (medium): write a function | write-code example | sol=0 | 'end_hour(9, 3)\nend_hour(22, 5)'
OK  chap05_review.ipynb | Question 9 (medium): write a function | write-code example | sol=0 | 'end_hour(20, 28)'
OK  chap05_review.ipynb | Question 10 (medium): write a function | write-code example | sol=0 | 'fizzbuzz(9)\nfizzbuzz(10)'
OK  chap05_review.ipynb | Question 10 (medium): write a function | write-code example | sol=1 | 'fizzbuzz(9)\nfizzbuzz(10)'
OK  chap05_review.ipynb | Question 10 (medium): write a function | write-code example | sol=0 | 'fizzbuzz(30)\nfizzbuzz(7)'
OK  chap05_review.ipynb | Question 10 (medium): write a function | write-code example | sol=1 | 'fizzbuzz(30)\nfizzbuzz(7)'
OK  chap05_review.ipynb | Question 11 (medium): write a function | write-code example | sol=0 | 'largest(3, 9, 4)\nlargest(10, 2, 7)'
OK  chap05_review.ipynb | Question 11 (medium): write a function | write-code example | sol=1 | 'largest(3, 9, 4)\nlargest(10, 2, 7)'
OK  chap05_review.ipynb | Question 11 (medium): write a function | write-code example | sol=0 | 'largest(5, 5, 1)\nlargest(-1, -8, -0.5)'
OK  chap05_review.ipynb | Question 11 (medium): write a function | write-code example | sol=1 | 'largest(5, 5, 1)\nlargest(-1, -8, -0.5)'
OK  chap05_review.ipynb | Question 14 (hard): infinite recursion | correct-call/example | sol=None | 'countdown_by_two(4)'
OK  chap05_review.ipynb | Question 14 (hard): infinite recursion | correct-call/example | sol=None | 'countdown_by_two(10)'
OK  chap05_review.ipynb | Question 15 (hard): write a recursive function | write-code example | sol=0 | 'stairs(3)'
OK  chap05_review.ipynb | Question 15 (hard): write a recursive function | write-code example | sol=1 | 'stairs(3)'
OK  chap05_review.ipynb | Question 15 (hard): write a recursive function | write-code example | sol=0 | 'stairs(5)'
OK  chap05_review.ipynb | Question 15 (hard): write a recursive function | write-code example | sol=1 | 'stairs(5)'
OK  chap05_review.ipynb | Question 16 (hard): write two recursive functions | write-code example | sol=0 | 'digits_backward(472)'
BAD chap05_review.ipynb | Question 16 (hard): write two recursive functions | write-code example | sol=1 | 'digits_backward(472)'
    expected: '2\n7\n4'
    got:      "NameError: name 'digits_backward' is not defined"
OK  chap05_review.ipynb | Question 16 (hard): write two recursive functions | write-code example | sol=0 | 'digits_forward(472)'
OK  chap05_review.ipynb | Question 16 (hard): write two recursive functions | write-code example | sol=1 | 'digits_forward(472)'
OK  chap05_review.ipynb | Question 16 (hard): write two recursive functions | write-code example | sol=0 | 'digits_forward(5)'
OK  chap05_review.ipynb | Question 16 (hard): write two recursive functions | write-code example | sol=1 | 'digits_forward(5)'
OK  chap06_review.ipynb | Question 4 (easy): write a function | write-code example | sol=0 | 'print(average(3, 5))'
OK  chap06_review.ipynb | Question 4 (easy): write a function | write-code example | sol=1 | 'print(average(3, 5))'
OK  chap06_review.ipynb | Question 4 (easy): write a function | write-code example | sol=0 | 'result = average(1, 2)\nprint(result * 2)'
OK  chap06_review.ipynb | Question 4 (easy): write a function | write-code example | sol=1 | 'result = average(1, 2)\nprint(result * 2)'
OK  chap06_review.ipynb | Question 10 (medium): write two functions | write-code example | sol=0 | 'print(larger(3, 7), larger(7, 3))'
OK  chap06_review.ipynb | Question 10 (medium): write two functions | write-code example | sol=1 | 'print(larger(3, 7), larger(7, 3))'
OK  chap06_review.ipynb | Question 10 (medium): write two functions | write-code example | sol=0 | 'print(largest(4, 9, 2), largest(-1, -5, -3))'
BAD chap06_review.ipynb | Question 10 (medium): write two functions | write-code example | sol=1 | 'print(largest(4, 9, 2), largest(-1, -5, -3))'
    expected: '9 -1'
    got:      "NameError: name 'largest' is not defined"
OK  chap06_review.ipynb | Question 11 (medium): write a boolean function | write-code example | sol=0 | 'print(is_leap(2024), is_leap(2023))'
OK  chap06_review.ipynb | Question 11 (medium): write a boolean function | write-code example | sol=1 | 'print(is_leap(2024), is_leap(2023))'
OK  chap06_review.ipynb | Question 11 (medium): write a boolean function | write-code example | sol=0 | 'print(is_leap(1900), is_leap(2000))'
OK  chap06_review.ipynb | Question 11 (medium): write a boolean function | write-code example | sol=1 | 'print(is_leap(1900), is_leap(2000))'
OK  chap06_review.ipynb | Question 12 (medium): simplify a boolean function | write-code example | sol=0 | 'print(is_teen(15), is_teen(12))'
OK  chap06_review.ipynb | Question 12 (medium): simplify a boolean function | write-code example | sol=1 | 'print(is_teen(15), is_teen(12))'
OK  chap06_review.ipynb | Question 12 (medium): simplify a boolean function | write-code example | sol=0 | 'print(is_teen(19), is_teen(20))'
OK  chap06_review.ipynb | Question 12 (medium): simplify a boolean function | write-code example | sol=1 | 'print(is_teen(19), is_teen(20))'
OK  chap06_review.ipynb | Question 15 (hard): missing the base case | correct-call/example | sol=None | 'print(factorial(3))'
OK  chap06_review.ipynb | Question 15 (hard): missing the base case | correct-call/example | sol=None | 'print(factorial(0))'
OK  chap06_review.ipynb | Question 16 (hard): write a recursive function | write-code example | sol=0 | 'print(multiply(6, 7))'
OK  chap06_review.ipynb | Question 16 (hard): write a recursive function | write-code example | sol=1 | 'print(multiply(6, 7))'
OK  chap06_review.ipynb | Question 16 (hard): write a recursive function | write-code example | sol=0 | 'print(multiply(-3, 4), multiply(5, 0))'
OK  chap06_review.ipynb | Question 16 (hard): write a recursive function | write-code example | sol=1 | 'print(multiply(-3, 4), multiply(5, 0))'
BAD chap06_review.ipynb | Question 17 (hard): incremental development | write-code example | sol=0 | 'print(triangle_area(3, 4, 5))'
    expected: '6.0'
    got:      's is 6.0\n0'
OK  chap06_review.ipynb | Question 17 (hard): incremental development | write-code example | sol=1 | 'print(triangle_area(3, 4, 5))'
BAD chap06_review.ipynb | Question 17 (hard): incremental development | write-code example | sol=0 | 'print(triangle_area(5, 5, 6), round(triangle_area('
    expected: '12.0 1.732'
    got:      's is 8.0\ns is 3.0\n0 0'
OK  chap06_review.ipynb | Question 17 (hard): incremental development | write-code example | sol=1 | 'print(triangle_area(5, 5, 6), round(triangle_area('
OK  chap07_review.ipynb | Question 4 (easy): write a function | write-code example | sol=0 | "exclaim_letters('hi')"
OK  chap07_review.ipynb | Question 4 (easy): write a function | write-code example | sol=0 | "exclaim_letters('yes')"
OK  chap07_review.ipynb | Question 10 (medium): write a function | write-code example | sol=0 | "print(count_vowels('banana'))"
OK  chap07_review.ipynb | Question 10 (medium): write a function | write-code example | sol=1 | "print(count_vowels('banana'))"
OK  chap07_review.ipynb | Question 10 (medium): write a function | write-code example | sol=0 | "print(count_vowels('Python'), count_vowels('AEIOU'"
OK  chap07_review.ipynb | Question 10 (medium): write a function | write-code example | sol=1 | "print(count_vowels('Python'), count_vowels('AEIOU'"
OK  chap07_review.ipynb | Question 11 (medium): write a function | write-code example | sol=0 | "print(first_vowel('python'), first_vowel('strength"
OK  chap07_review.ipynb | Question 11 (medium): write a function | write-code example | sol=0 | "print(first_vowel('rhythm'))"
OK  chap07_review.ipynb | Question 16 (hard): write a function | write-code example | sol=0 | "print(is_abecedarian('almost'), is_abecedarian('ab"
OK  chap07_review.ipynb | Question 16 (hard): write a function | write-code example | sol=0 | "print(is_abecedarian('hello'), is_abecedarian('a')"
OK  chap07_review.ipynb | Question 17 (hard): write a function with doctests | write-code example | sol=0 | "print(count_doubles('bookkeeper'))"
OK  chap07_review.ipynb | Question 17 (hard): write a function with doctests | write-code example | sol=0 | "print(count_doubles('Mississippi'), count_doubles("
